abobaabobaabobaabobaabobaabobaabobaabobaabobaabobaabobaabobaabobaaboba
[    0.000000] microcode: microcode updated early to revision 0xf4, date = 2023-02-23
[    0.000000] Linux version 5.15.0-107-generic (buildd@lcy02-amd64-017) (gcc (Ubuntu 9.4.0-1ubuntu1~20.04.2) 9.4.0, GNU ld (GNU Binutils for Ubuntu) 2.34) #117~20.04.1-Ubuntu SMP Tue Apr 30 10:35:57 UTC 2024 (Ubuntu 5.15.0-107.117~20.04.1-generic 5.15.149)
[    0.000000] Command line: BOOT_IMAGE=/boot/vmlinuz-5.15.0-107-generic root=UUID=57b585a2-7088-4c93-a8ae-ee62ad10673a ro quiet splash vt.handoff=7
[    0.000000] KERNEL supported cpus:
[    0.000000]   Intel GenuineIntel
[    0.000000]   AMD AuthenticAMD
[    0.000000]   Hygon HygonGenuine
[    0.000000]   Centaur CentaurHauls
[    0.000000]   zhaoxin   Shanghai  
[    0.000000] BIOS-provided physical RAM map:
[    0.000000] BIOS-e820: [mem 0x0000000000000000-0x0000000000057fff] usable
[    0.000000] BIOS-e820: [mem 0x0000000000058000-0x0000000000058fff] reserved
[    0.000000] BIOS-e820: [mem 0x0000000000059000-0x000000000009dfff] usable
[    0.000000] BIOS-e820: [mem 0x000000000009e000-0x00000000000fffff] reserved
[    0.000000] BIOS-e820: [mem 0x0000000000100000-0x000000007187efff] usable
[    0.000000] BIOS-e820: [mem 0x000000007187f000-0x000000007187ffff] ACPI NVS
[    0.000000] BIOS-e820: [mem 0x0000000071880000-0x0000000071880fff] reserved
[    0.000000] BIOS-e820: [mem 0x0000000071881000-0x0000000073a67fff] usable
[    0.000000] BIOS-e820: [mem 0x0000000073a68000-0x0000000074367fff] reserved
[    0.000000] BIOS-e820: [mem 0x0000000074368000-0x000000008a57dfff] usable
[    0.000000] BIOS-e820: [mem 0x000000008a57e000-0x000000008af7dfff] reserved
[    0.000000] BIOS-e820: [mem 0x000000008af7e000-0x000000008cf7dfff] ACPI NVS
[    0.000000] BIOS-e820: [mem 0x000000008cf7e000-0x000000008cffdfff] ACPI data
[    0.000000] BIOS-e820: [mem 0x000000008cffe000-0x000000008cffefff] usable
[    0.000000] BIOS-e820: [mem 0x000000008cfff000-0x000000008fffffff] reserved
[    0.000000] BIOS-e820: [mem 0x00000000e0000000-0x00000000efffffff] reserved
[    0.000000] BIOS-e820: [mem 0x00000000fd000000-0x00000000fe7fffff] reserved
[    0.000000] BIOS-e820: [mem 0x00000000fec00000-0x00000000fec00fff] reserved
[    0.000000] BIOS-e820: [mem 0x00000000fed00000-0x00000000fed00fff] reserved
[    0.000000] BIOS-e820: [mem 0x00000000fed10000-0x00000000fed19fff] reserved
[    0.000000] BIOS-e820: [mem 0x00000000fed84000-0x00000000fed84fff] reserved
[    0.000000] BIOS-e820: [mem 0x00000000fee00000-0x00000000fee00fff] reserved
[    0.000000] BIOS-e820: [mem 0x00000000ffa00000-0x00000000ffffffff] reserved
[    0.000000] BIOS-e820: [mem 0x0000000100000000-0x000000046effffff] usable
[    0.000000] NX (Execute Disable) protection: active
[    0.000000] e820: update [mem 0x71134018-0x71144057] usable ==> usable
[    0.000000] e820: update [mem 0x71134018-0x71144057] usable ==> usable
[    0.000000] e820: update [mem 0x71107018-0x71133057] usable ==> usable
[    0.000000] e820: update [mem 0x71107018-0x71133057] usable ==> usable
[    0.000000] extended physical RAM map:
[    0.000000] reserve setup_data: [mem 0x0000000000000000-0x0000000000057fff] usable
[    0.000000] reserve setup_data: [mem 0x0000000000058000-0x0000000000058fff] reserved
[    0.000000] reserve setup_data: [mem 0x0000000000059000-0x000000000009dfff] usable
[    0.000000] reserve setup_data: [mem 0x000000000009e000-0x00000000000fffff] reserved
[    0.000000] reserve setup_data: [mem 0x0000000000100000-0x0000000071107017] usable
[    0.000000] reserve setup_data: [mem 0x0000000071107018-0x0000000071133057] usable
[    0.000000] reserve setup_data: [mem 0x0000000071133058-0x0000000071134017] usable
[    0.000000] reserve setup_data: [mem 0x0000000071134018-0x0000000071144057] usable
[    0.000000] reserve setup_data: [mem 0x0000000071144058-0x000000007187efff] usable
[    0.000000] reserve setup_data: [mem 0x000000007187f000-0x000000007187ffff] ACPI NVS
[    0.000000] reserve setup_data: [mem 0x0000000071880000-0x0000000071880fff] reserved
[    0.000000] reserve setup_data: [mem 0x0000000071881000-0x0000000073a67fff] usable
[    0.000000] reserve setup_data: [mem 0x0000000073a68000-0x0000000074367fff] reserved
[    0.000000] reserve setup_data: [mem 0x0000000074368000-0x000000008a57dfff] usable
[    0.000000] reserve setup_data: [mem 0x000000008a57e000-0x000000008af7dfff] reserved
[    0.000000] reserve setup_data: [mem 0x000000008af7e000-0x000000008cf7dfff] ACPI NVS
[    0.000000] reserve setup_data: [mem 0x000000008cf7e000-0x000000008cffdfff] ACPI data
[    0.000000] reserve setup_data: [mem 0x000000008cffe000-0x000000008cffefff] usable
[    0.000000] reserve setup_data: [mem 0x000000008cfff000-0x000000008fffffff] reserved
[    0.000000] reserve setup_data: [mem 0x00000000e0000000-0x00000000efffffff] reserved
[    0.000000] reserve setup_data: [mem 0x00000000fd000000-0x00000000fe7fffff] reserved
[    0.000000] reserve setup_data: [mem 0x00000000fec00000-0x00000000fec00fff] reserved
[    0.000000] reserve setup_data: [mem 0x00000000fed00000-0x00000000fed00fff] reserved
[    0.000000] reserve setup_data: [mem 0x00000000fed10000-0x00000000fed19fff] reserved
[    0.000000] reserve setup_data: [mem 0x00000000fed84000-0x00000000fed84fff] reserved
[    0.000000] reserve setup_data: [mem 0x00000000fee00000-0x00000000fee00fff] reserved
[    0.000000] reserve setup_data: [mem 0x00000000ffa00000-0x00000000ffffffff] reserved
[    0.000000] reserve setup_data: [mem 0x0000000100000000-0x000000046effffff] usable
[    0.000000] efi: EFI v2.50 by INSYDE Corp.
[    0.000000] efi: ACPI 2.0=0x8cffd014 SMBIOS=0x8a7f2000 SMBIOS 3.0=0x8a7f0000 ESRT=0x8a7ee018 MEMATTR=0x783bf018 MOKvar=0x782c8000 RNG=0x8cfae018 TPMEventLog=0x71145018 
[    0.000000] random: crng init done
[    0.000000] TPM Final Events table not present
[    0.000000] secureboot: Secure boot disabled
[    0.000000] SMBIOS 3.0.0 present.
[    0.000000] DMI: Timi TM1701/TM1701, BIOS XMAKB5R0P0603 02/02/2018
[    0.000000] tsc: Detected 2000.000 MHz processor
[    0.000000] tsc: Detected 1999.968 MHz TSC
[    0.001606] e820: update [mem 0x00000000-0x00000fff] usable ==> reserved
[    0.001612] e820: remove [mem 0x000a0000-0x000fffff] usable
[    0.001633] last_pfn = 0x46f000 max_arch_pfn = 0x400000000
[    0.001943] x86/PAT: Configuration [0-7]: WB  WC  UC- UC  WB  WP  UC- WT  
[    0.003613] last_pfn = 0x8cfff max_arch_pfn = 0x400000000
[    0.029877] esrt: Reserving ESRT space from 0x000000008a7ee018 to 0x000000008a7ee078.
[    0.029888] e820: update [mem 0x782c8000-0x782c8fff] usable ==> reserved
[    0.029922] Using GB pages for direct mapping
[    0.031218] secureboot: Secure boot disabled
[    0.031220] RAMDISK: [mem 0x633b3000-0x67a96fff]
[    0.031229] ACPI: Early table checksum verification disabled
[    0.031233] ACPI: RSDP 0x000000008CFFD014 000024 (v02 XMCC  )
[    0.031240] ACPI: XSDT 0x000000008CFC1188 00011C (v01 XMCC   XMCC1701 00000000      01000013)
[    0.031250] ACPI: FACP 0x000000008CFEE000 00010C (v05 XMCC   XMCC1701 00000000 ACPI 00040000)
[    0.031259] ACPI: DSDT 0x000000008CFC7000 023AF6 (v02 XMCC   XMCC1701 00000000 ACPI 00040000)
[    0.031265] ACPI: FACS 0x000000008CF57000 000040
[    0.031270] ACPI: UEFI 0x000000008CFFC000 000236 (v01 XMCC   XMCC1701 00000001 ACPI 00040000)
[    0.031276] ACPI: UEFI 0x000000008CFFB000 000042 (v01 XMCC   XMCC1701 00000002 ACPI 00040000)
[    0.031282] ACPI: MSDM 0x000000008CFFA000 000055 (v03 XMCC   XMCC1701 00000001 ACPI 00040000)
[    0.031287] ACPI: SSDT 0x000000008CFF9000 0004C3 (v02 XMCC   XMCC1701 00001000 ACPI 00040000)
[    0.031293] ACPI: SSDT 0x000000008CFF8000 000046 (v02 XMCC   XMCC1701 00003000 ACPI 00040000)
[    0.031299] ACPI: TPM2 0x000000008CFF7000 000034 (v03 XMCC   XMCC1701 00000000 ACPI 00040000)
[    0.031304] ACPI: SSDT 0x000000008CFF3000 003110 (v02 XMCC   XMCC1701 00003000 ACPI 00040000)
[    0.031310] ACPI: ASF! 0x000000008CFF2000 0000A5 (v32 XMCC   XMCC1701 00000001 ACPI 00040000)
[    0.031316] ACPI: ASPT 0x000000008CFF1000 000034 (v07 XMCC   XMCC1701 00000001 ACPI 00040000)
[    0.031322] ACPI: BOOT 0x000000008CFF0000 000028 (v01 XMCC   XMCC1701 00000001 ACPI 00040000)
[    0.031327] ACPI: DBGP 0x000000008CFEF000 000034 (v01 XMCC   XMCC1701 00000001 ACPI 00040000)
[    0.031333] ACPI: HPET 0x000000008CFED000 000038 (v01 XMCC   XMCC1701 00000001 ACPI 00040000)
[    0.031339] ACPI: APIC 0x000000008CFEC000 00012C (v03 XMCC   XMCC1701 00000001 ACPI 00040000)
[    0.031344] ACPI: MCFG 0x000000008CFEB000 00003C (v01 XMCC   XMCC1701 00000001 ACPI 00040000)
[    0.031350] ACPI: SSDT 0x000000008CFC6000 000517 (v02 XMCC   XMCC1701 00000000 ACPI 00040000)
[    0.031356] ACPI: SSDT 0x000000008CFC5000 0007A0 (v02 XMCC   XMCC1701 00001000 ACPI 00040000)
[    0.031362] ACPI: LPIT 0x000000008CFC4000 000094 (v01 XMCC   XMCC1701 00000000 ACPI 00040000)
[    0.031367] ACPI: WSMT 0x000000008CFC3000 000028 (v01 XMCC   XMCC1701 00000000 ACPI 00040000)
[    0.031373] ACPI: SSDT 0x000000008CFC2000 00029F (v02 XMCC   XMCC1701 00000000 ACPI 00040000)
[    0.031378] ACPI: SSDT 0x000000008CFC0000 000346 (v01 XMCC   XMCC1701 00000000 ACPI 00040000)
[    0.031384] ACPI: SSDT 0x000000008CFBC000 003002 (v02 XMCC   XMCC1701 00001000 ACPI 00040000)
[    0.031390] ACPI: SSDT 0x000000008CFBB000 00051E (v02 XMCC   XMCC1701 00001000 ACPI 00040000)
[    0.031395] ACPI: DBGP 0x000000008CFBA000 000034 (v01 XMCC   XMCC1701 00000002 ACPI 00040000)
[    0.031401] ACPI: DBG2 0x000000008CFB9000 000054 (v00 XMCC   XMCC1701 00000002 ACPI 00040000)
[    0.031407] ACPI: SSDT 0x000000008CFB8000 000B64 (v02 XMCC   XMCC1701 00001000 ACPI 00040000)
[    0.031412] ACPI: SSDT 0x000000008CFB6000 0017AE (v02 XMCC   XMCC1701 00003000 ACPI 00040000)
[    0.031418] ACPI: SSDT 0x000000008CFB2000 0038A2 (v01 XMCC   XMCC1701 00001000 ACPI 00040000)
[    0.031424] ACPI: DMAR 0x000000008CFB1000 0000F0 (v01 XMCC   XMCC1701 00000001 ACPI 00040000)
[    0.031429] ACPI: FPDT 0x000000008CFB0000 000044 (v01 XMCC   XMCC1701 00000002 ACPI 00040000)
[    0.031435] ACPI: BGRT 0x000000008CFAF000 000038 (v01 XMCC   XMCC1701 00000001 ACPI 00040000)
[    0.031440] ACPI: Reserving FACP table memory at [mem 0x8cfee000-0x8cfee10b]
[    0.031443] ACPI: Reserving DSDT table memory at [mem 0x8cfc7000-0x8cfeaaf5]
[    0.031445] ACPI: Reserving FACS table memory at [mem 0x8cf57000-0x8cf5703f]
[    0.031447] ACPI: Reserving UEFI table memory at [mem 0x8cffc000-0x8cffc235]
[    0.031449] ACPI: Reserving UEFI table memory at [mem 0x8cffb000-0x8cffb041]
[    0.031451] ACPI: Reserving MSDM table memory at [mem 0x8cffa000-0x8cffa054]
[    0.031453] ACPI: Reserving SSDT table memory at [mem 0x8cff9000-0x8cff94c2]
[    0.031455] ACPI: Reserving SSDT table memory at [mem 0x8cff8000-0x8cff8045]
[    0.031456] ACPI: Reserving TPM2 table memory at [mem 0x8cff7000-0x8cff7033]
[    0.031458] ACPI: Reserving SSDT table memory at [mem 0x8cff3000-0x8cff610f]
[    0.031460] ACPI: Reserving ASF! table memory at [mem 0x8cff2000-0x8cff20a4]
[    0.031462] ACPI: Reserving ASPT table memory at [mem 0x8cff1000-0x8cff1033]
[    0.031464] ACPI: Reserving BOOT table memory at [mem 0x8cff0000-0x8cff0027]
[    0.031466] ACPI: Reserving DBGP table memory at [mem 0x8cfef000-0x8cfef033]
[    0.031468] ACPI: Reserving HPET table memory at [mem 0x8cfed000-0x8cfed037]
[    0.031469] ACPI: Reserving APIC table memory at [mem 0x8cfec000-0x8cfec12b]
[    0.031471] ACPI: Reserving MCFG table memory at [mem 0x8cfeb000-0x8cfeb03b]
[    0.031473] ACPI: Reserving SSDT table memory at [mem 0x8cfc6000-0x8cfc6516]
[    0.031475] ACPI: Reserving SSDT table memory at [mem 0x8cfc5000-0x8cfc579f]
[    0.031477] ACPI: Reserving LPIT table memory at [mem 0x8cfc4000-0x8cfc4093]
[    0.031479] ACPI: Reserving WSMT table memory at [mem 0x8cfc3000-0x8cfc3027]
[    0.031481] ACPI: Reserving SSDT table memory at [mem 0x8cfc2000-0x8cfc229e]
[    0.031483] ACPI: Reserving SSDT table memory at [mem 0x8cfc0000-0x8cfc0345]
[    0.031485] ACPI: Reserving SSDT table memory at [mem 0x8cfbc000-0x8cfbf001]
[    0.031487] ACPI: Reserving SSDT table memory at [mem 0x8cfbb000-0x8cfbb51d]
[    0.031489] ACPI: Reserving DBGP table memory at [mem 0x8cfba000-0x8cfba033]
[    0.031491] ACPI: Reserving DBG2 table memory at [mem 0x8cfb9000-0x8cfb9053]
[    0.031492] ACPI: Reserving SSDT table memory at [mem 0x8cfb8000-0x8cfb8b63]
[    0.031494] ACPI: Reserving SSDT table memory at [mem 0x8cfb6000-0x8cfb77ad]
[    0.031496] ACPI: Reserving SSDT table memory at [mem 0x8cfb2000-0x8cfb58a1]
[    0.031498] ACPI: Reserving DMAR table memory at [mem 0x8cfb1000-0x8cfb10ef]
[    0.031500] ACPI: Reserving FPDT table memory at [mem 0x8cfb0000-0x8cfb0043]
[    0.031502] ACPI: Reserving BGRT table memory at [mem 0x8cfaf000-0x8cfaf037]
[    0.031744] No NUMA configuration found
[    0.031745] Faking a node at [mem 0x0000000000000000-0x000000046effffff]
[    0.031765] NODE_DATA(0) allocated [mem 0x46efd4000-0x46effdfff]
[    0.032187] Zone ranges:
[    0.032188]   DMA      [mem 0x0000000000001000-0x0000000000ffffff]
[    0.032192]   DMA32    [mem 0x0000000001000000-0x00000000ffffffff]
[    0.032195]   Normal   [mem 0x0000000100000000-0x000000046effffff]
[    0.032198]   Device   empty
[    0.032200] Movable zone start for each node
[    0.032205] Early memory node ranges
[    0.032206]   node   0: [mem 0x0000000000001000-0x0000000000057fff]
[    0.032208]   node   0: [mem 0x0000000000059000-0x000000000009dfff]
[    0.032210]   node   0: [mem 0x0000000000100000-0x000000007187efff]
[    0.032212]   node   0: [mem 0x0000000071881000-0x0000000073a67fff]
[    0.032214]   node   0: [mem 0x0000000074368000-0x000000008a57dfff]
[    0.032216]   node   0: [mem 0x000000008cffe000-0x000000008cffefff]
[    0.032218]   node   0: [mem 0x0000000100000000-0x000000046effffff]
[    0.032222] Initmem setup node 0 [mem 0x0000000000001000-0x000000046effffff]
[    0.032229] On node 0, zone DMA: 1 pages in unavailable ranges
[    0.032232] On node 0, zone DMA: 1 pages in unavailable ranges
[    0.032265] On node 0, zone DMA: 98 pages in unavailable ranges
[    0.035988] On node 0, zone DMA32: 2 pages in unavailable ranges
[    0.036775] On node 0, zone DMA32: 2304 pages in unavailable ranges
[    0.037055] On node 0, zone DMA32: 10880 pages in unavailable ranges
[    0.066093] On node 0, zone Normal: 12289 pages in unavailable ranges
[    0.066194] On node 0, zone Normal: 4096 pages in unavailable ranges
[    0.066207] Reserving Intel graphics memory at [mem 0x8e000000-0x8fffffff]
[    0.066572] ACPI: PM-Timer IO Port: 0x1808
[    0.066584] ACPI: LAPIC_NMI (acpi_id[0x01] high edge lint[0x1])
[    0.066587] ACPI: LAPIC_NMI (acpi_id[0x02] high edge lint[0x1])
[    0.066589] ACPI: LAPIC_NMI (acpi_id[0x03] high edge lint[0x1])
[    0.066591] ACPI: LAPIC_NMI (acpi_id[0x04] high edge lint[0x1])
[    0.066592] ACPI: LAPIC_NMI (acpi_id[0x05] high edge lint[0x1])
[    0.066594] ACPI: LAPIC_NMI (acpi_id[0x06] high edge lint[0x1])
[    0.066595] ACPI: LAPIC_NMI (acpi_id[0x07] high edge lint[0x1])
[    0.066597] ACPI: LAPIC_NMI (acpi_id[0x08] high edge lint[0x1])
[    0.066599] ACPI: LAPIC_NMI (acpi_id[0x09] high edge lint[0x1])
[    0.066600] ACPI: LAPIC_NMI (acpi_id[0x0a] high edge lint[0x1])
[    0.066602] ACPI: LAPIC_NMI (acpi_id[0x0b] high edge lint[0x1])
[    0.066603] ACPI: LAPIC_NMI (acpi_id[0x0c] high edge lint[0x1])
[    0.066605] ACPI: LAPIC_NMI (acpi_id[0x0d] high edge lint[0x1])
[    0.066606] ACPI: LAPIC_NMI (acpi_id[0x0e] high edge lint[0x1])
[    0.066608] ACPI: LAPIC_NMI (acpi_id[0x0f] high edge lint[0x1])
[    0.066610] ACPI: LAPIC_NMI (acpi_id[0x10] high edge lint[0x1])
[    0.066638] IOAPIC[0]: apic_id 2, version 32, address 0xfec00000, GSI 0-119
[    0.066643] ACPI: INT_SRC_OVR (bus 0 bus_irq 0 global_irq 2 dfl dfl)
[    0.066647] ACPI: INT_SRC_OVR (bus 0 bus_irq 9 global_irq 9 high level)
[    0.066653] ACPI: Using ACPI (MADT) for SMP configuration information
[    0.066655] ACPI: HPET id: 0x8086a201 base: 0xfed00000
[    0.066667] e820: update [mem 0x783b9000-0x783befff] usable ==> reserved
[    0.066695] TSC deadline timer available
[    0.066696] smpboot: Allowing 8 CPUs, 0 hotplug CPUs
[    0.066738] PM: hibernation: Registered nosave memory: [mem 0x00000000-0x00000fff]
[    0.066742] PM: hibernation: Registered nosave memory: [mem 0x00058000-0x00058fff]
[    0.066746] PM: hibernation: Registered nosave memory: [mem 0x0009e000-0x000fffff]
[    0.066749] PM: hibernation: Registered nosave memory: [mem 0x71107000-0x71107fff]
[    0.066753] PM: hibernation: Registered nosave memory: [mem 0x71133000-0x71133fff]
[    0.066754] PM: hibernation: Registered nosave memory: [mem 0x71134000-0x71134fff]
[    0.066757] PM: hibernation: Registered nosave memory: [mem 0x71144000-0x71144fff]
[    0.066761] PM: hibernation: Registered nosave memory: [mem 0x7187f000-0x7187ffff]
[    0.066762] PM: hibernation: Registered nosave memory: [mem 0x71880000-0x71880fff]
[    0.066766] PM: hibernation: Registered nosave memory: [mem 0x73a68000-0x74367fff]
[    0.066769] PM: hibernation: Registered nosave memory: [mem 0x782c8000-0x782c8fff]
[    0.066773] PM: hibernation: Registered nosave memory: [mem 0x783b9000-0x783befff]
[    0.066776] PM: hibernation: Registered nosave memory: [mem 0x8a57e000-0x8af7dfff]
[    0.066778] PM: hibernation: Registered nosave memory: [mem 0x8af7e000-0x8cf7dfff]
[    0.066779] PM: hibernation: Registered nosave memory: [mem 0x8cf7e000-0x8cffdfff]
[    0.066783] PM: hibernation: Registered nosave memory: [mem 0x8cfff000-0x8fffffff]
[    0.066784] PM: hibernation: Registered nosave memory: [mem 0x90000000-0xdfffffff]
[    0.066785] PM: hibernation: Registered nosave memory: [mem 0xe0000000-0xefffffff]
[    0.066787] PM: hibernation: Registered nosave memory: [mem 0xf0000000-0xfcffffff]
[    0.066788] PM: hibernation: Registered nosave memory: [mem 0xfd000000-0xfe7fffff]
[    0.066790] PM: hibernation: Registered nosave memory: [mem 0xfe800000-0xfebfffff]
[    0.066791] PM: hibernation: Registered nosave memory: [mem 0xfec00000-0xfec00fff]
[    0.066793] PM: hibernation: Registered nosave memory: [mem 0xfec01000-0xfecfffff]
[    0.066794] PM: hibernation: Registered nosave memory: [mem 0xfed00000-0xfed00fff]
[    0.066795] PM: hibernation: Registered nosave memory: [mem 0xfed01000-0xfed0ffff]
[    0.066797] PM: hibernation: Registered nosave memory: [mem 0xfed10000-0xfed19fff]
[    0.066798] PM: hibernation: Registered nosave memory: [mem 0xfed1a000-0xfed83fff]
[    0.066800] PM: hibernation: Registered nosave memory: [mem 0xfed84000-0xfed84fff]
[    0.066801] PM: hibernation: Registered nosave memory: [mem 0xfed85000-0xfedfffff]
[    0.066803] PM: hibernation: Registered nosave memory: [mem 0xfee00000-0xfee00fff]
[    0.066804] PM: hibernation: Registered nosave memory: [mem 0xfee01000-0xff9fffff]
[    0.066806] PM: hibernation: Registered nosave memory: [mem 0xffa00000-0xffffffff]
[    0.066808] [mem 0x90000000-0xdfffffff] available for PCI devices
[    0.066811] Booting paravirtualized kernel on bare hardware
[    0.066814] clocksource: refined-jiffies: mask: 0xffffffff max_cycles: 0xffffffff, max_idle_ns: 7645519600211568 ns
[    0.066826] setup_percpu: NR_CPUS:8192 nr_cpumask_bits:8 nr_cpu_ids:8 nr_node_ids:1
[    0.067119] percpu: Embedded 61 pages/cpu s212992 r8192 d28672 u262144
[    0.067133] pcpu-alloc: s212992 r8192 d28672 u262144 alloc=1*2097152
[    0.067137] pcpu-alloc: [0] 0 1 2 3 4 5 6 7 
[    0.067192] Built 1 zonelists, mobility grouping on.  Total pages: 4099403
[    0.067195] Policy zone: Normal
[    0.067197] Kernel command line: BOOT_IMAGE=/boot/vmlinuz-5.15.0-107-generic root=UUID=57b585a2-7088-4c93-a8ae-ee62ad10673a ro quiet splash vt.handoff=7
[    0.067348] Unknown kernel command line parameters "splash BOOT_IMAGE=/boot/vmlinuz-5.15.0-107-generic", will be passed to user space.
[    0.068626] Dentry cache hash table entries: 2097152 (order: 12, 16777216 bytes, linear)
[    0.069248] Inode-cache hash table entries: 1048576 (order: 11, 8388608 bytes, linear)
[    0.069437] mem auto-init: stack:off, heap alloc:on, heap free:off
[    0.129597] Memory: 16122192K/16658532K available (16393K kernel code, 4390K rwdata, 10856K rodata, 3364K init, 18712K bss, 536080K reserved, 0K cma-reserved)
[    0.129794] SLUB: HWalign=64, Order=0-3, MinObjects=0, CPUs=8, Nodes=1
[    0.129816] Kernel/User page tables isolation: enabled
[    0.129876] ftrace: allocating 50216 entries in 197 pages
[    0.172341] ftrace: allocated 197 pages with 4 groups
[    0.172508] rcu: Hierarchical RCU implementation.
[    0.172511] rcu: 	RCU restricting CPUs from NR_CPUS=8192 to nr_cpu_ids=8.
[    0.172513] 	Rude variant of Tasks RCU enabled.
[    0.172514] 	Tracing variant of Tasks RCU enabled.
[    0.172515] rcu: RCU calculated value of scheduler-enlistment delay is 25 jiffies.
[    0.172517] rcu: Adjusting geometry for rcu_fanout_leaf=16, nr_cpu_ids=8
[    0.179402] NR_IRQS: 524544, nr_irqs: 2048, preallocated irqs: 16
[    0.179832] Console: colour dummy device 80x25
[    0.179865] printk: console [tty0] enabled
[    0.179893] ACPI: Core revision 20210730
[    0.180341] clocksource: hpet: mask: 0xffffffff max_cycles: 0xffffffff, max_idle_ns: 79635855245 ns
[    0.180417] APIC: Switch to symmetric I/O mode setup
[    0.180420] DMAR: Host address width 39
[    0.180422] DMAR: DRHD base: 0x000000fed90000 flags: 0x0
[    0.180430] DMAR: dmar0: reg_base_addr fed90000 ver 1:0 cap 1c0000c40660462 ecap 19e2ff0505e
[    0.180434] DMAR: DRHD base: 0x000000fed91000 flags: 0x1
[    0.180440] DMAR: dmar1: reg_base_addr fed91000 ver 1:0 cap d2008c40660462 ecap f050da
[    0.180443] DMAR: RMRR base: 0x0000008ae55000 end: 0x0000008ae74fff
[    0.180446] DMAR: RMRR base: 0x0000008d800000 end: 0x0000008fffffff
[    0.180448] DMAR: ANDD device: 1 name: \_SB.PCI0.I2C0
[    0.180450] DMAR: ANDD device: 2 name: \_SB.PCI0.I2C1
[    0.180452] DMAR-IR: IOAPIC id 2 under DRHD base  0xfed91000 IOMMU 1
[    0.180455] DMAR-IR: HPET id 0 under DRHD base 0xfed91000
[    0.180456] DMAR-IR: Queued invalidation will be enabled to support x2apic and Intr-remapping.
[    0.182206] DMAR-IR: Enabled IRQ remapping in x2apic mode
[    0.182209] x2apic enabled
[    0.182223] Switched APIC routing to cluster x2apic.
[    0.186287] ..TIMER: vector=0x30 apic1=0 pin1=2 apic2=-1 pin2=-1
[    0.204290] clocksource: tsc-early: mask: 0xffffffffffffffff max_cycles: 0x39a8208cdd2, max_idle_ns: 881590748921 ns
[    0.204299] Calibrating delay loop (skipped), value calculated using timer frequency.. 3999.93 BogoMIPS (lpj=7999872)
[    0.204332] x86/cpu: SGX disabled by BIOS.
[    0.204345] CPU0: Thermal monitoring enabled (TM1)
[    0.204444] process: using mwait in idle threads
[    0.204447] Last level iTLB entries: 4KB 64, 2MB 8, 4MB 8
[    0.204449] Last level dTLB entries: 4KB 64, 2MB 0, 4MB 0, 1GB 4
[    0.204456] Spectre V1 : Mitigation: usercopy/swapgs barriers and __user pointer sanitization
[    0.204459] Spectre V2 : Mitigation: IBRS
[    0.204461] Spectre V2 : Spectre v2 / SpectreRSB mitigation: Filling RSB on context switch
[    0.204463] Spectre V2 : Spectre v2 / SpectreRSB : Filling RSB on VMEXIT
[    0.204464] RETBleed: Mitigation: IBRS
[    0.204467] Spectre V2 : mitigation: Enabling conditional Indirect Branch Prediction Barrier
[    0.204470] Spectre V2 : User space: Mitigation: STIBP via seccomp and prctl
[    0.204472] Speculative Store Bypass: Mitigation: Speculative Store Bypass disabled via prctl and seccomp
[    0.204486] MDS: Mitigation: Clear CPU buffers
[    0.204488] MMIO Stale Data: Mitigation: Clear CPU buffers
[    0.204496] SRBDS: Mitigation: Microcode
[    0.204508] GDS: Mitigation: Microcode
[    0.204525] x86/fpu: Supporting XSAVE feature 0x001: 'x87 floating point registers'
[    0.204527] x86/fpu: Supporting XSAVE feature 0x002: 'SSE registers'
[    0.204530] x86/fpu: Supporting XSAVE feature 0x004: 'AVX registers'
[    0.204531] x86/fpu: Supporting XSAVE feature 0x008: 'MPX bounds registers'
[    0.204534] x86/fpu: Supporting XSAVE feature 0x010: 'MPX CSR'
[    0.204538] x86/fpu: xstate_offset[2]:  576, xstate_sizes[2]:  256
[    0.204541] x86/fpu: xstate_offset[3]:  832, xstate_sizes[3]:   64
[    0.204544] x86/fpu: xstate_offset[4]:  896, xstate_sizes[4]:   64
[    0.204546] x86/fpu: Enabled xstate features 0x1f, context size is 960 bytes, using 'compacted' format.
[    0.253560] Freeing SMP alternatives memory: 44K
[    0.253564] pid_max: default: 32768 minimum: 301
[    0.258031] LSM: Security Framework initializing
[    0.258054] landlock: Up and running.
[    0.258055] Yama: becoming mindful.
[    0.258087] AppArmor: AppArmor initialized
[    0.258159] Mount-cache hash table entries: 32768 (order: 6, 262144 bytes, linear)
[    0.258186] Mountpoint-cache hash table entries: 32768 (order: 6, 262144 bytes, linear)
[    0.260424] smpboot: Estimated ratio of average max frequency by base frequency (times 1024): 1894
[    0.260459] smpboot: CPU0: Intel(R) Core(TM) i7-8550U CPU @ 1.80GHz (family: 0x6, model: 0x8e, stepping: 0xa)
[    0.260686] Performance Events: PEBS fmt3+, Skylake events, 32-deep LBR, full-width counters, Intel PMU driver.
[    0.260706] ... version:                4
[    0.260708] ... bit width:              48
[    0.260709] ... generic registers:      4
[    0.260711] ... value mask:             0000ffffffffffff
[    0.260712] ... max period:             00007fffffffffff
[    0.260714] ... fixed-purpose events:   3
[    0.260715] ... event mask:             000000070000000f
[    0.260858] signal: max sigframe size: 2032
[    0.260895] rcu: Hierarchical SRCU implementation.
[    0.262370] NMI watchdog: Enabled. Permanently consumes one hw-PMU counter.
[    0.262477] smp: Bringing up secondary CPUs ...
[    0.262628] x86: Booting SMP configuration:
[    0.262629] .... node  #0, CPUs:      #1 #2 #3 #4
[    0.276992] MDS CPU bug present and SMT on, data leak possible. See https://www.kernel.org/doc/html/latest/admin-guide/hw-vuln/mds.html for more details.
[    0.276992] MMIO Stale Data CPU bug present and SMT on, data leak possible. See https://www.kernel.org/doc/html/latest/admin-guide/hw-vuln/processor_mmio_stale_data.html for more details.
[    0.276992]  #5 #6 #7
[    0.277246] smp: Brought up 1 node, 8 CPUs
[    0.277246] smpboot: Max logical packages: 1
[    0.277246] smpboot: Total of 8 processors activated (31999.48 BogoMIPS)
[    0.281127] devtmpfs: initialized
[    0.281127] x86/mm: Memory block size: 128MB
[    0.282636] ACPI: PM: Registering ACPI NVS region [mem 0x7187f000-0x7187ffff] (4096 bytes)
[    0.282636] ACPI: PM: Registering ACPI NVS region [mem 0x8af7e000-0x8cf7dfff] (33554432 bytes)
[    0.284543] clocksource: jiffies: mask: 0xffffffff max_cycles: 0xffffffff, max_idle_ns: 7645041785100000 ns
[    0.284561] futex hash table entries: 2048 (order: 5, 131072 bytes, linear)
[    0.284653] pinctrl core: initialized pinctrl subsystem
[    0.284896] PM: RTC time: 10:38:06, date: 2024-07-07
[    0.285126] NET: Registered PF_NETLINK/PF_ROUTE protocol family
[    0.285566] DMA: preallocated 2048 KiB GFP_KERNEL pool for atomic allocations
[    0.285743] DMA: preallocated 2048 KiB GFP_KERNEL|GFP_DMA pool for atomic allocations
[    0.285938] DMA: preallocated 2048 KiB GFP_KERNEL|GFP_DMA32 pool for atomic allocations
[    0.285950] audit: initializing netlink subsys (disabled)
[    0.285961] audit: type=2000 audit(1720348686.104:1): state=initialized audit_enabled=0 res=1
[    0.285961] thermal_sys: Registered thermal governor 'fair_share'
[    0.285961] thermal_sys: Registered thermal governor 'bang_bang'
[    0.285961] thermal_sys: Registered thermal governor 'step_wise'
[    0.285961] thermal_sys: Registered thermal governor 'user_space'
[    0.285961] thermal_sys: Registered thermal governor 'power_allocator'
[    0.285961] EISA bus registered
[    0.285961] cpuidle: using governor ladder
[    0.285961] cpuidle: using governor menu
[    0.285961] Simple Boot Flag at 0x44 set to 0x1
[    0.285961] ACPI: bus type PCI registered
[    0.285961] acpiphp: ACPI Hot Plug PCI Controller Driver version: 0.5
[    0.285961] PCI: MMCONFIG for domain 0000 [bus 00-ff] at [mem 0xe0000000-0xefffffff] (base 0xe0000000)
[    0.285961] PCI: MMCONFIG at [mem 0xe0000000-0xefffffff] reserved in E820
[    0.285961] PCI: Using configuration type 1 for base access
[    0.285961] ENERGY_PERF_BIAS: Set to 'normal', was 'performance'
[    0.290072] kprobes: kprobe jump-optimization is enabled. All kprobes are optimized if possible.
[    0.290079] HugeTLB registered 1.00 GiB page size, pre-allocated 0 pages
[    0.290079] HugeTLB registered 2.00 MiB page size, pre-allocated 0 pages
[    0.290079] fbcon: Taking over console
[    0.290079] ACPI: Added _OSI(Module Device)
[    0.290079] ACPI: Added _OSI(Processor Device)
[    0.290079] ACPI: Added _OSI(3.0 _SCP Extensions)
[    0.290079] ACPI: Added _OSI(Processor Aggregator Device)
[    0.290079] ACPI: Added _OSI(Linux-Dell-Video)
[    0.290079] ACPI: Added _OSI(Linux-Lenovo-NV-HDMI-Audio)
[    0.290079] ACPI: Added _OSI(Linux-HPI-Hybrid-Graphics)
[    0.363445] ACPI: 13 ACPI AML tables successfully acquired and loaded
[    0.368231] ACPI: [Firmware Bug]: BIOS _OSI(Linux) query ignored
[    0.377689] ACPI: Dynamic OEM Table Load:
[    0.377711] ACPI: SSDT 0xFFFF97B60138D000 0005CD (v02 PmRef  Cpu0Ist  00003000 INTL 20160527)
[    0.380479] ACPI: \_PR_.PR00: _OSC native thermal LVT Acked
[    0.382706] ACPI: Dynamic OEM Table Load:
[    0.382722] ACPI: SSDT 0xFFFF97B60135C400 0003FF (v02 PmRef  Cpu0Cst  00003001 INTL 20160527)
[    0.386234] ACPI: Dynamic OEM Table Load:
[    0.386252] ACPI: SSDT 0xFFFF97B60139E000 000D14 (v02 PmRef  ApIst    00003000 INTL 20160527)
[    0.390659] ACPI: Dynamic OEM Table Load:
[    0.390674] ACPI: SSDT 0xFFFF97B60135DC00 00030A (v02 PmRef  ApCst    00003000 INTL 20160527)
[    0.399534] ACPI: Interpreter enabled
[    0.399614] ACPI: PM: (supports S0 S3 S4 S5)
[    0.399616] ACPI: Using IOAPIC for interrupt routing
[    0.399686] PCI: Using host bridge windows from ACPI; if necessary, use "pci=nocrs" and report a bug
[    0.399688] PCI: Using E820 reservations for host bridge windows
[    0.400868] ACPI: Enabled 9 GPEs in block 00 to 7F
[    0.413425] ACPI: PM: Power Resource [PC01]
[    0.417044] ACPI: PM: Power Resource [WRST]
[    0.436263] ACPI: PM: Power Resource [FN00]
[    0.438803] ACPI: PCI Root Bridge [PCI0] (domain 0000 [bus 00-fe])
[    0.438815] acpi PNP0A08:00: _OSC: OS supports [ExtendedConfig ASPM ClockPM Segments MSI EDR HPX-Type3]
[    0.443888] acpi PNP0A08:00: _OSC: OS now controls [PCIeHotplug SHPCHotplug PME AER PCIeCapability LTR DPC]
[    0.447777] PCI host bridge to bus 0000:00
[    0.447784] pci_bus 0000:00: root bus resource [bus 00-fe]
[    0.447787] pci_bus 0000:00: root bus resource [io  0x0000-0x0cf7 window]
[    0.447791] pci_bus 0000:00: root bus resource [io  0x0d00-0xffff window]
[    0.447794] pci_bus 0000:00: root bus resource [mem 0x000a0000-0x000fffff window]
[    0.447797] pci_bus 0000:00: root bus resource [mem 0x90000000-0xdfffffff window]
[    0.447800] pci_bus 0000:00: root bus resource [mem 0xfd000000-0xfe7fffff window]
[    0.449242] pci 0000:00:00.0: [8086:5914] type 00 class 0x060000
[    0.453624] pci 0000:00:02.0: [8086:5917] type 00 class 0x030000
[    0.453641] pci 0000:00:02.0: reg 0x10: [mem 0xb2000000-0xb2ffffff 64bit]
[    0.453652] pci 0000:00:02.0: reg 0x18: [mem 0xc0000000-0xcfffffff 64bit pref]
[    0.453660] pci 0000:00:02.0: reg 0x20: [io  0x4000-0x403f]
[    0.453687] pci 0000:00:02.0: BAR 2: assigned to efifb
[    0.453693] pci 0000:00:02.0: Video device with shadowed ROM at [mem 0x000c0000-0x000dffff]
[    0.455473] pci 0000:00:08.0: [8086:1911] type 00 class 0x088000
[    0.455493] pci 0000:00:08.0: reg 0x10: [mem 0xb4328000-0xb4328fff 64bit]
[    0.459911] pci 0000:00:14.0: [8086:9d2f] type 00 class 0x0c0330
[    0.459937] pci 0000:00:14.0: reg 0x10: [mem 0xb4310000-0xb431ffff 64bit]
[    0.460020] pci 0000:00:14.0: PME# supported from D3hot D3cold
[    0.462649] pci 0000:00:14.2: [8086:9d31] type 00 class 0x118000
[    0.462675] pci 0000:00:14.2: reg 0x10: [mem 0xb4329000-0xb4329fff 64bit]
[    0.467209] pci 0000:00:15.0: [8086:9d60] type 00 class 0x118000
[    0.467432] pci 0000:00:15.0: reg 0x10: [mem 0xb432a000-0xb432afff 64bit]
[    0.471700] pci 0000:00:15.1: [8086:9d61] type 00 class 0x118000
[    0.471922] pci 0000:00:15.1: reg 0x10: [mem 0xb432b000-0xb432bfff 64bit]
[    0.476073] pci 0000:00:16.0: [8086:9d3a] type 00 class 0x078000
[    0.476102] pci 0000:00:16.0: reg 0x10: [mem 0xb432c000-0xb432cfff 64bit]
[    0.476190] pci 0000:00:16.0: PME# supported from D3hot
[    0.479954] pci 0000:00:1c.0: [8086:9d10] type 01 class 0x060400
[    0.480053] pci 0000:00:1c.0: PME# supported from D0 D3hot D3cold
[    0.484070] pci 0000:00:1c.4: [8086:9d14] type 01 class 0x060400
[    0.484184] pci 0000:00:1c.4: PME# supported from D0 D3hot D3cold
[    0.488181] pci 0000:00:1c.7: [8086:9d17] type 01 class 0x060400
[    0.488295] pci 0000:00:1c.7: PME# supported from D0 D3hot D3cold
[    0.492287] pci 0000:00:1d.0: [8086:9d18] type 01 class 0x060400
[    0.492392] pci 0000:00:1d.0: PME# supported from D0 D3hot D3cold
[    0.496396] pci 0000:00:1f.0: [8086:9d4e] type 00 class 0x060100
[    0.499838] pci 0000:00:1f.2: [8086:9d21] type 00 class 0x058000
[    0.499859] pci 0000:00:1f.2: reg 0x10: [mem 0xb4324000-0xb4327fff]
[    0.503209] pci 0000:00:1f.3: [8086:9d71] type 00 class 0x040300
[    0.503240] pci 0000:00:1f.3: reg 0x10: [mem 0xb4320000-0xb4323fff 64bit]
[    0.503279] pci 0000:00:1f.3: reg 0x20: [mem 0xb4300000-0xb430ffff 64bit]
[    0.503340] pci 0000:00:1f.3: PME# supported from D3hot D3cold
[    0.507736] pci 0000:00:1f.4: [8086:9d23] type 00 class 0x0c0500
[    0.507800] pci 0000:00:1f.4: reg 0x10: [mem 0xb432d000-0xb432d0ff 64bit]
[    0.507873] pci 0000:00:1f.4: reg 0x20: [io  0x4040-0x405f]
[    0.508495] pci 0000:01:00.0: [10de:1d12] type 00 class 0x030200
[    0.508516] pci 0000:01:00.0: reg 0x10: [mem 0xb3000000-0xb3ffffff]
[    0.508533] pci 0000:01:00.0: reg 0x14: [mem 0xa0000000-0xafffffff 64bit pref]
[    0.508548] pci 0000:01:00.0: reg 0x1c: [mem 0xb0000000-0xb1ffffff 64bit pref]
[    0.508559] pci 0000:01:00.0: reg 0x24: [io  0x3000-0x307f]
[    0.508570] pci 0000:01:00.0: reg 0x30: [mem 0xfff80000-0xffffffff pref]
[    0.508599] pci 0000:01:00.0: Enabling HDA controller
[    0.509246] pci 0000:00:1c.0: PCI bridge to [bus 01]
[    0.509252] pci 0000:00:1c.0:   bridge window [io  0x3000-0x3fff]
[    0.509256] pci 0000:00:1c.0:   bridge window [mem 0xb3000000-0xb3ffffff]
[    0.509263] pci 0000:00:1c.0:   bridge window [mem 0xa0000000-0xb1ffffff 64bit pref]
[    0.509520] pci 0000:02:00.0: [144d:a808] type 00 class 0x010802
[    0.509548] pci 0000:02:00.0: reg 0x10: [mem 0xb4200000-0xb4203fff 64bit]
[    0.509764] pci 0000:02:00.0: 15.752 Gb/s available PCIe bandwidth, limited by 8.0 GT/s PCIe x2 link at 0000:00:1c.4 (capable of 31.504 Gb/s with 8.0 GT/s PCIe x4 link)
[    0.510062] pci 0000:00:1c.4: PCI bridge to [bus 02]
[    0.510069] pci 0000:00:1c.4:   bridge window [mem 0xb4200000-0xb42fffff]
[    0.510761] pci 0000:03:00.0: [8086:24fd] type 00 class 0x028000
[    0.510854] pci 0000:03:00.0: reg 0x10: [mem 0xb4100000-0xb4101fff 64bit]
[    0.511439] pci 0000:03:00.0: PME# supported from D0 D3hot D3cold
[    0.512925] pci 0000:00:1c.7: PCI bridge to [bus 03]
[    0.512933] pci 0000:00:1c.7:   bridge window [mem 0xb4100000-0xb41fffff]
[    0.513080] pci 0000:04:00.0: [144d:a80a] type 00 class 0x010802
[    0.513108] pci 0000:04:00.0: reg 0x10: [mem 0xb4000000-0xb4003fff 64bit]
[    0.513350] pci 0000:04:00.0: 31.504 Gb/s available PCIe bandwidth, limited by 8.0 GT/s PCIe x4 link at 0000:00:1d.0 (capable of 63.012 Gb/s with 16.0 GT/s PCIe x4 link)
[    0.513518] pci 0000:00:1d.0: PCI bridge to [bus 04]
[    0.513525] pci 0000:00:1d.0:   bridge window [mem 0xb4000000-0xb40fffff]
[    0.516852] ACPI: PCI: Interrupt link LNKA configured for IRQ 11
[    0.516970] ACPI: PCI: Interrupt link LNKB configured for IRQ 10
[    0.517086] ACPI: PCI: Interrupt link LNKC configured for IRQ 11
[    0.517201] ACPI: PCI: Interrupt link LNKD configured for IRQ 11
[    0.517316] ACPI: PCI: Interrupt link LNKE configured for IRQ 11
[    0.517431] ACPI: PCI: Interrupt link LNKF configured for IRQ 11
[    0.517546] ACPI: PCI: Interrupt link LNKG configured for IRQ 11
[    0.517661] ACPI: PCI: Interrupt link LNKH configured for IRQ 11
[    0.518860] iommu: Default domain type: Translated 
[    0.518860] iommu: DMA domain TLB invalidation policy: lazy mode 
[    0.518860] SCSI subsystem initialized
[    0.518860] libata version 3.00 loaded.
[    0.518860] pci 0000:00:02.0: vgaarb: setting as boot VGA device
[    0.518860] pci 0000:00:02.0: vgaarb: VGA device added: decodes=io+mem,owns=io+mem,locks=none
[    0.518860] pci 0000:00:02.0: vgaarb: bridge control possible
[    0.518860] vgaarb: loaded
[    0.518860] ACPI: bus type USB registered
[    0.518860] usbcore: registered new interface driver usbfs
[    0.518860] usbcore: registered new interface driver hub
[    0.518860] usbcore: registered new device driver usb
[    0.518860] pps_core: LinuxPPS API ver. 1 registered
[    0.518860] pps_core: Software ver. 5.3.6 - Copyright 2005-2007 Rodolfo Giometti <giometti@linux.it>
[    0.518860] PTP clock support registered
[    0.518860] EDAC MC: Ver: 3.0.0
[    0.518860] Registered efivars operations
[    0.520578] NetLabel: Initializing
[    0.520580] NetLabel:  domain hash size = 128
[    0.520581] NetLabel:  protocols = UNLABELED CIPSOv4 CALIPSO
[    0.520608] NetLabel:  unlabeled traffic allowed by default
[    0.520631] PCI: Using ACPI for IRQ routing
[    0.549089] PCI: pci_cache_line_size set to 64 bytes
[    0.550135] e820: reserve RAM buffer [mem 0x00058000-0x0005ffff]
[    0.550138] e820: reserve RAM buffer [mem 0x0009e000-0x0009ffff]
[    0.550140] e820: reserve RAM buffer [mem 0x71107018-0x73ffffff]
[    0.550142] e820: reserve RAM buffer [mem 0x71134018-0x73ffffff]
[    0.550144] e820: reserve RAM buffer [mem 0x7187f000-0x73ffffff]
[    0.550146] e820: reserve RAM buffer [mem 0x73a68000-0x73ffffff]
[    0.550148] e820: reserve RAM buffer [mem 0x782c8000-0x7bffffff]
[    0.550150] e820: reserve RAM buffer [mem 0x783b9000-0x7bffffff]
[    0.550152] e820: reserve RAM buffer [mem 0x8a57e000-0x8bffffff]
[    0.550154] e820: reserve RAM buffer [mem 0x8cfff000-0x8fffffff]
[    0.550155] e820: reserve RAM buffer [mem 0x46f000000-0x46fffffff]
[    0.550351] hpet0: at MMIO 0xfed00000, IRQs 2, 8, 0, 0, 0, 0, 0, 0
[    0.550365] hpet0: 8 comparators, 64-bit 24.000000 MHz counter
[    0.553348] clocksource: Switched to clocksource tsc-early
[    0.570841] VFS: Disk quotas dquot_6.6.0
[    0.570865] VFS: Dquot-cache hash table entries: 512 (order 0, 4096 bytes)
[    0.571065] AppArmor: AppArmor Filesystem Enabled
[    0.571133] pnp: PnP ACPI init
[    0.571470] system 00:00: [mem 0xfd000000-0xfdabffff] has been reserved
[    0.571476] system 00:00: [mem 0xfdad0000-0xfdadffff] has been reserved
[    0.571480] system 00:00: [mem 0xfdb00000-0xfdffffff] has been reserved
[    0.571483] system 00:00: [mem 0xfe000000-0xfe01ffff] has been reserved
[    0.571487] system 00:00: [mem 0xfe036000-0xfe03bfff] has been reserved
[    0.571490] system 00:00: [mem 0xfe03d000-0xfe3fffff] has been reserved
[    0.571493] system 00:00: [mem 0xfe410000-0xfe7fffff] has been reserved
[    0.572089] system 00:01: [io  0x2000-0x20fe] has been reserved
[    0.572571] system 00:02: [io  0x0680-0x069f] has been reserved
[    0.572576] system 00:02: [io  0xffff] has been reserved
[    0.572579] system 00:02: [io  0xffff] has been reserved
[    0.572582] system 00:02: [io  0xffff] has been reserved
[    0.572585] system 00:02: [io  0x1800-0x18fe] has been reserved
[    0.572588] system 00:02: [io  0x164e-0x164f] has been reserved
[    0.572863] system 00:04: [io  0x1854-0x1857] has been reserved
[    0.576585] system 00:08: [mem 0xfed10000-0xfed17fff] has been reserved
[    0.576591] system 00:08: [mem 0xfed18000-0xfed18fff] has been reserved
[    0.576594] system 00:08: [mem 0xfed19000-0xfed19fff] has been reserved
[    0.576597] system 00:08: [mem 0xe0000000-0xefffffff] has been reserved
[    0.576600] system 00:08: [mem 0xfed20000-0xfed3ffff] has been reserved
[    0.576604] system 00:08: [mem 0xfed90000-0xfed93fff] could not be reserved
[    0.576607] system 00:08: [mem 0xfed45000-0xfed8ffff] could not be reserved
[    0.576611] system 00:08: [mem 0xff000000-0xffffffff] could not be reserved
[    0.576614] system 00:08: [mem 0xfee00000-0xfeefffff] could not be reserved
[    0.576618] system 00:08: [mem 0x90000000-0x9001ffff] has been reserved
[    0.577312] pnp: PnP ACPI: found 9 devices
[    0.583835] clocksource: acpi_pm: mask: 0xffffff max_cycles: 0xffffff, max_idle_ns: 2085701024 ns
[    0.583936] NET: Registered PF_INET protocol family
[    0.584148] IP idents hash table entries: 262144 (order: 9, 2097152 bytes, linear)
[    0.587015] tcp_listen_portaddr_hash hash table entries: 8192 (order: 5, 131072 bytes, linear)
[    0.587060] Table-perturb hash table entries: 65536 (order: 6, 262144 bytes, linear)
[    0.587184] TCP established hash table entries: 131072 (order: 8, 1048576 bytes, linear)
[    0.587435] TCP bind hash table entries: 65536 (order: 8, 1048576 bytes, linear)
[    0.587556] TCP: Hash tables configured (established 131072 bind 65536)
[    0.587670] MPTCP token hash table entries: 16384 (order: 6, 393216 bytes, linear)
[    0.587758] UDP hash table entries: 8192 (order: 6, 262144 bytes, linear)
[    0.587821] UDP-Lite hash table entries: 8192 (order: 6, 262144 bytes, linear)
[    0.587911] NET: Registered PF_UNIX/PF_LOCAL protocol family
[    0.587922] NET: Registered PF_XDP protocol family
[    0.587928] pci 0000:01:00.0: can't claim BAR 6 [mem 0xfff80000-0xffffffff pref]: no compatible bridge window
[    0.587946] pci 0000:01:00.0: BAR 6: no space for [mem size 0x00080000 pref]
[    0.587951] pci 0000:01:00.0: BAR 6: failed to assign [mem size 0x00080000 pref]
[    0.587954] pci 0000:00:1c.0: PCI bridge to [bus 01]
[    0.587958] pci 0000:00:1c.0:   bridge window [io  0x3000-0x3fff]
[    0.587964] pci 0000:00:1c.0:   bridge window [mem 0xb3000000-0xb3ffffff]
[    0.587969] pci 0000:00:1c.0:   bridge window [mem 0xa0000000-0xb1ffffff 64bit pref]
[    0.587976] pci 0000:00:1c.4: PCI bridge to [bus 02]
[    0.587983] pci 0000:00:1c.4:   bridge window [mem 0xb4200000-0xb42fffff]
[    0.587996] pci 0000:00:1c.7: PCI bridge to [bus 03]
[    0.588002] pci 0000:00:1c.7:   bridge window [mem 0xb4100000-0xb41fffff]
[    0.588010] pci 0000:00:1d.0: PCI bridge to [bus 04]
[    0.588015] pci 0000:00:1d.0:   bridge window [mem 0xb4000000-0xb40fffff]
[    0.588024] pci_bus 0000:00: resource 4 [io  0x0000-0x0cf7 window]
[    0.588028] pci_bus 0000:00: resource 5 [io  0x0d00-0xffff window]
[    0.588031] pci_bus 0000:00: resource 6 [mem 0x000a0000-0x000fffff window]
[    0.588034] pci_bus 0000:00: resource 7 [mem 0x90000000-0xdfffffff window]
[    0.588037] pci_bus 0000:00: resource 8 [mem 0xfd000000-0xfe7fffff window]
[    0.588040] pci_bus 0000:01: resource 0 [io  0x3000-0x3fff]
[    0.588043] pci_bus 0000:01: resource 1 [mem 0xb3000000-0xb3ffffff]
[    0.588045] pci_bus 0000:01: resource 2 [mem 0xa0000000-0xb1ffffff 64bit pref]
[    0.588048] pci_bus 0000:02: resource 1 [mem 0xb4200000-0xb42fffff]
[    0.588051] pci_bus 0000:03: resource 1 [mem 0xb4100000-0xb41fffff]
[    0.588054] pci_bus 0000:04: resource 1 [mem 0xb4000000-0xb40fffff]
[    0.591253] PCI: CLS 64 bytes, default 64
[    0.591280] DMAR: ACPI device "device:70" under DMAR at fed91000 as 00:15.0
[    0.591287] DMAR: ACPI device "device:71" under DMAR at fed91000 as 00:15.1
[    0.591315] PCI-DMA: Using software bounce buffering for IO (SWIOTLB)
[    0.591317] software IO TLB: mapped [mem 0x000000008596f000-0x000000008996f000] (64MB)
[    0.591344] Trying to unpack rootfs image as initramfs...
[    0.592378] Initialise system trusted keyrings
[    0.592389] Key type blacklist registered
[    0.592440] workingset: timestamp_bits=36 max_order=22 bucket_order=0
[    0.594967] zbud: loaded
[    0.595442] squashfs: version 4.0 (2009/01/31) Phillip Lougher
[    0.595718] fuse: init (API version 7.34)
[    0.595989] integrity: Platform Keyring initialized
[    0.609143] Key type asymmetric registered
[    0.609148] Asymmetric key parser 'x509' registered
[    0.609181] Block layer SCSI generic (bsg) driver version 0.4 loaded (major 243)
[    0.609235] io scheduler mq-deadline registered
[    0.612682] pcieport 0000:00:1c.0: PME: Signaling with IRQ 122
[    0.612792] pcieport 0000:00:1c.0: AER: enabled with IRQ 122
[    0.613153] pcieport 0000:00:1c.4: PME: Signaling with IRQ 123
[    0.613258] pcieport 0000:00:1c.4: AER: enabled with IRQ 123
[    0.613620] pcieport 0000:00:1c.7: PME: Signaling with IRQ 124
[    0.613709] pcieport 0000:00:1c.7: AER: enabled with IRQ 124
[    0.614045] pcieport 0000:00:1d.0: PME: Signaling with IRQ 125
[    0.614146] pcieport 0000:00:1d.0: AER: enabled with IRQ 125
[    0.614278] shpchp: Standard Hot Plug PCI Controller Driver version: 0.4
[    0.615645] ACPI: AC: AC Adapter [ADP0] (on-line)
[    0.615757] input: Power Button as /devices/LNXSYSTM:00/LNXSYBUS:00/PNP0A08:00/device:19/PNP0C0C:00/input/input0
[    0.615815] ACPI: button: Power Button [PWRB]
[    0.615869] input: Lid Switch as /devices/LNXSYSTM:00/LNXSYBUS:00/PNP0A08:00/device:19/PNP0C0D:00/input/input1
[    0.615906] ACPI: button: Lid Switch [LID0]
[    0.615979] input: Power Button as /devices/LNXSYSTM:00/LNXPWRBN:00/input/input2
[    0.616015] ACPI: button: Power Button [PWRF]
[    0.621385] thermal LNXTHERM:00: registered as thermal_zone0
[    0.621389] ACPI: thermal: Thermal Zone [TZ01] (27 C)
[    0.621795] Serial: 8250/16550 driver, 32 ports, IRQ sharing enabled
[    0.623260] ACPI: battery: Slot [BAT0] (battery present)
[    0.625249] Linux agpgart interface v0.103
[    0.643706] loop: module loaded
[    0.644240] tun: Universal TUN/TAP device driver, 1.6
[    0.644328] PPP generic driver version 2.4.2
[    0.644400] VFIO - User Level meta-driver version: 0.3
[    0.644520] ehci_hcd: USB 2.0 'Enhanced' Host Controller (EHCI) Driver
[    0.644527] ehci-pci: EHCI PCI platform driver
[    0.644539] ehci-platform: EHCI generic platform driver
[    0.644562] ohci_hcd: USB 1.1 'Open' Host Controller (OHCI) Driver
[    0.644566] ohci-pci: OHCI PCI platform driver
[    0.644578] ohci-platform: OHCI generic platform driver
[    0.644589] uhci_hcd: USB Universal Host Controller Interface driver
[    0.644673] i8042: PNP: PS/2 Controller [PNP0303:PS2K,PNP0f03:PS2M] at 0x60,0x64 irq 1,12
[    0.647075] serio: i8042 KBD port at 0x60,0x64 irq 1
[    0.647084] serio: i8042 AUX port at 0x60,0x64 irq 12
[    0.647331] mousedev: PS/2 mouse device common for all mice
[    0.647573] rtc_cmos 00:03: RTC can wake from S4
[    0.648261] rtc_cmos 00:03: registered as rtc0
[    0.648393] rtc_cmos 00:03: setting system clock to 2024-07-07T10:38:07 UTC (1720348687)
[    0.648431] rtc_cmos 00:03: alarms up to one month, y3k, 242 bytes nvram
[    0.648444] i2c_dev: i2c /dev entries driver
[    0.648721] device-mapper: core: CONFIG_IMA_DISABLE_HTABLE is disabled. Duplicate IMA measurements will not be recorded in the IMA log.
[    0.648763] device-mapper: uevent: version 1.0.3
[    0.648844] device-mapper: ioctl: 4.45.0-ioctl (2021-03-22) initialised: dm-devel@redhat.com
[    0.648876] platform eisa.0: Probing EISA bus 0
[    0.648879] platform eisa.0: EISA: Cannot allocate resource for mainboard
[    0.648882] platform eisa.0: Cannot allocate resource for EISA slot 1
[    0.648884] platform eisa.0: Cannot allocate resource for EISA slot 2
[    0.648886] platform eisa.0: Cannot allocate resource for EISA slot 3
[    0.648889] platform eisa.0: Cannot allocate resource for EISA slot 4
[    0.648891] platform eisa.0: Cannot allocate resource for EISA slot 5
[    0.648893] platform eisa.0: Cannot allocate resource for EISA slot 6
[    0.648895] platform eisa.0: Cannot allocate resource for EISA slot 7
[    0.648897] platform eisa.0: Cannot allocate resource for EISA slot 8
[    0.648899] platform eisa.0: EISA: Detected 0 cards
[    0.648905] intel_pstate: Intel P-state driver initializing
[    0.649474] intel_pstate: HWP enabled
[    0.649724] ledtrig-cpu: registered to indicate activity on CPUs
[    0.649752] efifb: probing for efifb
[    0.649784] efifb: showing boot graphics
[    0.650554] efifb: framebuffer at 0xc0000000, using 8100k, total 8100k
[    0.650557] efifb: mode is 1920x1080x32, linelength=7680, pages=1
[    0.650559] efifb: scrolling: redraw
[    0.650560] efifb: Truecolor: size=8:8:8:8, shift=24:16:8:0
[    0.650708] Console: switching to colour frame buffer device 240x67
[    0.655565] fb0: EFI VGA frame buffer device
[    0.655590] EFI Variables Facility v0.08 2004-May-17
[    0.661556] input: AT Translated Set 2 keyboard as /devices/platform/i8042/serio0/input/input3
[    0.706474] intel_pmc_core INT33A1:00:  initialized
[    0.706567] drop_monitor: Initializing network drop monitor service
[    0.706732] NET: Registered PF_INET6 protocol family
[    0.763091] Freeing initrd memory: 72592K
[    0.769601] Segment Routing with IPv6
[    0.769612] In-situ OAM (IOAM) with IPv6
[    0.769654] NET: Registered PF_PACKET protocol family
[    0.769821] Key type dns_resolver registered
[    0.770676] microcode: sig=0x806ea, pf=0x80, revision=0xf4
[    0.770906] microcode: Microcode Update Driver: v2.2.
[    0.770913] IPI shorthand broadcast: enabled
[    0.770928] sched_clock: Marking stable (769998423, 550934)->(1275878555, -505329198)
[    0.771210] registered taskstats version 1
[    0.771948] Loading compiled-in X.509 certificates
[    0.772625] Loaded X.509 cert 'Build time autogenerated kernel key: e07a564a8d700363753e008d8152d2fb44e4f583'
[    0.773088] Loaded X.509 cert 'Canonical Ltd. Live Patch Signing: 14df34d1a87cf37625abec039ef2bf521249b969'
[    0.773568] Loaded X.509 cert 'Canonical Ltd. Kernel Module Signing: 88f752e560a1e0737e31163a466ad7b70a850c19'
[    0.773569] blacklist: Loading compiled-in revocation X.509 certificates
[    0.773583] Loaded X.509 cert 'Canonical Ltd. Secure Boot Signing: 61482aa2830d0ab2ad5af10b7250da9033ddcef0'
[    0.773597] Loaded X.509 cert 'Canonical Ltd. Secure Boot Signing (2017): 242ade75ac4a15e50d50c84b0d45ff3eae707a03'
[    0.773609] Loaded X.509 cert 'Canonical Ltd. Secure Boot Signing (ESM 2018): 365188c1d374d6b07c3c8f240f8ef722433d6a8b'
[    0.773622] Loaded X.509 cert 'Canonical Ltd. Secure Boot Signing (2019): c0746fd6c5da3ae827864651ad66ae47fe24b3e8'
[    0.773633] Loaded X.509 cert 'Canonical Ltd. Secure Boot Signing (2021 v1): a8d54bbb3825cfb94fa13c9f8a594a195c107b8d'
[    0.773646] Loaded X.509 cert 'Canonical Ltd. Secure Boot Signing (2021 v2): 4cf046892d6fd3c9a5b03f98d845f90851dc6a8c'
[    0.773658] Loaded X.509 cert 'Canonical Ltd. Secure Boot Signing (2021 v3): 100437bb6de6e469b581e61cd66bce3ef4ed53af'
[    0.773670] Loaded X.509 cert 'Canonical Ltd. Secure Boot Signing (Ubuntu Core 2019): c1d57b8f6b743f23ee41f4f7ee292f06eecadfb9'
[    0.773831] zswap: loaded using pool lzo/zbud
[    0.774370] Key type .fscrypt registered
[    0.774371] Key type fscrypt-provisioning registered
[    0.774403] Key type trusted registered
[    0.778091] Key type encrypted registered
[    0.778095] AppArmor: AppArmor sha1 policy hashing enabled
[    0.780715] integrity: Loading X.509 certificate: UEFI:db
[    0.780755] integrity: Loaded X.509 cert 'Microsoft Windows Production PCA 2011: a92902398e16c49778cd90f99e4f9ae17c55af53'
[    0.780757] integrity: Loading X.509 certificate: UEFI:db
[    0.780774] integrity: Loaded X.509 cert 'Microsoft Corporation UEFI CA 2011: 13adbf4309bd82709c8cd54f316ed522988a1bd4'
[    0.780775] integrity: Loading X.509 certificate: UEFI:db
[    0.781260] integrity: Loaded X.509 cert ': 4238256238813fab4f31de855fe58652'
[    0.781262] integrity: Loading X.509 certificate: UEFI:db
[    0.781265] integrity: Problem loading X.509 certificate -65
[    0.781285] integrity: Error adding keys to platform keyring UEFI:db
[    0.786588] integrity: Loading X.509 certificate: UEFI:MokListRT (MOKvar table)
[    0.786758] integrity: Loaded X.509 cert 'Canonical Ltd. Master Certificate Authority: ad91990bc22ab1f517048c23b6655a268e345a63'
[    0.786765] Loading compiled-in module X.509 certificates
[    0.787222] Loaded X.509 cert 'Build time autogenerated kernel key: e07a564a8d700363753e008d8152d2fb44e4f583'
[    0.787224] ima: Allocated hash algorithm: sha1
[    0.823545] ima: No architecture policies found
[    0.823570] evm: Initialising EVM extended attributes:
[    0.823572] evm: security.selinux
[    0.823575] evm: security.SMACK64
[    0.823577] evm: security.SMACK64EXEC
[    0.823578] evm: security.SMACK64TRANSMUTE
[    0.823580] evm: security.SMACK64MMAP
[    0.823582] evm: security.apparmor
[    0.823583] evm: security.ima
[    0.823585] evm: security.capability
[    0.823587] evm: HMAC attrs: 0x1
[    0.824148] PM:   Magic number: 0:173:628
[    0.824628] RAS: Correctable Errors collector initialized.
[    0.827294] Freeing unused decrypted memory: 2036K
[    0.828475] Freeing unused kernel image (initmem) memory: 3364K
[    0.852823] Write protecting the kernel read-only data: 30720k
[    0.854114] Freeing unused kernel image (text/rodata gap) memory: 2036K
[    0.854791] Freeing unused kernel image (rodata/data gap) memory: 1432K
[    0.924617] x86/mm: Checked W+X mappings: passed, no W+X pages found.
[    0.924619] x86/mm: Checking user space page tables
[    0.963077] x86/mm: Checked W+X mappings: passed, no W+X pages found.
[    0.963081] Run /init as init process
[    0.963082]   with arguments:
[    0.963083]     /init
[    0.963084]     splash
[    0.963084]   with environment:
[    0.963085]     HOME=/
[    0.963086]     TERM=linux
[    0.963086]     BOOT_IMAGE=/boot/vmlinuz-5.15.0-107-generic
[    1.089665] hid: raw HID events driver (C) Jiri Kosina
[    1.093383] xhci_hcd 0000:00:14.0: xHCI Host Controller
[    1.093401] xhci_hcd 0000:00:14.0: new USB bus registered, assigned bus number 1
[    1.094600] xhci_hcd 0000:00:14.0: hcc params 0x200077c1 hci version 0x100 quirks 0x0000000081109810
[    1.095397] wmi_bus wmi_bus-PNP0C14:01: [Firmware Info]: 00000000-0000-0000-0000-000000000000 has zero instances
[    1.095399] wmi_bus wmi_bus-PNP0C14:01: [Firmware Info]: 00000000-0000-0000-0000-000000000000 has zero instances
[    1.095401] wmi_bus wmi_bus-PNP0C14:01: [Firmware Info]: 00000000-0000-0000-0000-000000000000 has zero instances
[    1.095402] wmi_bus wmi_bus-PNP0C14:01: [Firmware Info]: 00000000-0000-0000-0000-000000000000 has zero instances
[    1.098052] intel-lpss 0000:00:15.0: enabling device (0000 -> 0002)
[    1.098718] i801_smbus 0000:00:1f.4: SPD Write Disable is set
[    1.098765] i801_smbus 0000:00:1f.4: SMBus using PCI interrupt
[    1.105448] i2c i2c-0: 2/2 memory slots populated (from DMI)
[    1.111587] idma64 idma64.0: Found Intel integrated DMA 64-bit
[    1.111648] xhci_hcd 0000:00:14.0: xHCI Host Controller
[    1.111655] xhci_hcd 0000:00:14.0: new USB bus registered, assigned bus number 2
[    1.111659] xhci_hcd 0000:00:14.0: Host supports USB 3.0 SuperSpeed
[    1.111692] usb usb1: New USB device found, idVendor=1d6b, idProduct=0002, bcdDevice= 5.15
[    1.111695] usb usb1: New USB device strings: Mfr=3, Product=2, SerialNumber=1
[    1.111697] usb usb1: Product: xHCI Host Controller
[    1.111698] usb usb1: Manufacturer: Linux 5.15.0-107-generic xhci-hcd
[    1.111700] usb usb1: SerialNumber: 0000:00:14.0
[    1.113442] nvme nvme0: pci function 0000:02:00.0
[    1.117319] nvme nvme1: pci function 0000:04:00.0
[    1.123046] nvme nvme0: missing or invalid SUBNQN field.
[    1.123663] nvme nvme0: Shutdown timeout set to 8 seconds
[    1.128833] hub 1-0:1.0: USB hub found
[    1.128859] hub 1-0:1.0: 12 ports detected
[    1.131532] nvme nvme1: Shutdown timeout set to 10 seconds
[    1.133646] intel-lpss 0000:00:15.1: enabling device (0000 -> 0002)
[    1.136880] nvme nvme1: 8/0/0 default/read/poll queues
[    1.138069] idma64 idma64.1: Found Intel integrated DMA 64-bit
[    1.140894] nvme nvme0: 8/0/0 default/read/poll queues
[    1.153270]  nvme1n1: p1 p2 p3 p4
[    1.155407] usb usb2: New USB device found, idVendor=1d6b, idProduct=0003, bcdDevice= 5.15
[    1.155413] usb usb2: New USB device strings: Mfr=3, Product=2, SerialNumber=1
[    1.155417] usb usb2: Product: xHCI Host Controller
[    1.155420] usb usb2: Manufacturer: Linux 5.15.0-107-generic xhci-hcd
[    1.155423] usb usb2: SerialNumber: 0000:00:14.0
[    1.164492]  nvme0n1: p1
[    1.165345] hub 2-0:1.0: USB hub found
[    1.165366] hub 2-0:1.0: 6 ports detected
[    1.193423] usb: port power management may be unreliable
[    1.219912] input: ETD2303:00 04F3:3083 Mouse as /devices/pci0000:00/0000:00:15.0/i2c_designware.0/i2c-1/i2c-ETD2303:00/0018:04F3:3083.0001/input/input6
[    1.220041] input: ETD2303:00 04F3:3083 Touchpad as /devices/pci0000:00/0000:00:15.0/i2c_designware.0/i2c-1/i2c-ETD2303:00/0018:04F3:3083.0001/input/input8
[    1.220137] hid-generic 0018:04F3:3083.0001: input,hidraw0: I2C HID v1.00 Mouse [ETD2303:00 04F3:3083] on i2c-ETD2303:00
[    1.488629] usb 1-1: new high-speed USB device number 2 using xhci_hcd
[    1.616582] tsc: Refined TSC clocksource calibration: 1992.000 MHz
[    1.616599] clocksource: tsc: mask: 0xffffffffffffffff max_cycles: 0x396d519840e, max_idle_ns: 881590569543 ns
[    1.616672] clocksource: Switched to clocksource tsc
[    1.629369] psmouse serio1: elantech: assuming hardware version 4 (with firmware version 0x4d1f01)
[    1.637286] usb 1-1: New USB device found, idVendor=1a40, idProduct=0801, bcdDevice= 1.00
[    1.637297] usb 1-1: New USB device strings: Mfr=0, Product=1, SerialNumber=0
[    1.637302] usb 1-1: Product: USB 2.0 Hub
[    1.638195] hub 1-1:1.0: USB hub found
[    1.638232] hub 1-1:1.0: 4 ports detected
[    1.640209] psmouse serio1: elantech: Synaptics capabilities query result 0x30, 0x1a, 0x11.
[    1.651138] psmouse serio1: elantech: Elan sample query result 03, 7d, 75
[    1.708130] input: ETPS/2 Elantech Touchpad as /devices/platform/i8042/serio1/input/input5
[    1.764739] usb 2-1: new SuperSpeed USB device number 2 using xhci_hcd
[    1.787729] usb 2-1: New USB device found, idVendor=05e3, idProduct=0626, bcdDevice= 6.55
[    1.787732] usb 2-1: New USB device strings: Mfr=1, Product=2, SerialNumber=0
[    1.787734] usb 2-1: Product: USB3.1 Hub
[    1.787735] usb 2-1: Manufacturer: GenesysLogic
[    1.789563] hub 2-1:1.0: USB hub found
[    1.789883] hub 2-1:1.0: 4 ports detected
[    1.912608] usb 1-5: new full-speed USB device number 3 using xhci_hcd
[    2.061763] usb 1-5: New USB device found, idVendor=8087, idProduct=0a2b, bcdDevice= 0.10
[    2.061768] usb 1-5: New USB device strings: Mfr=0, Product=0, SerialNumber=0
[    2.160623] usb 1-1.1: new full-speed USB device number 4 using xhci_hcd
[    2.225980] EXT4-fs (nvme0n1p1): mounted filesystem with ordered data mode. Opts: (null). Quota mode: none.
[    2.281593] usb 1-1.1: not running at top speed; connect to a high speed hub
[    2.282825] usb 1-1.1: New USB device found, idVendor=25a4, idProduct=9311, bcdDevice= 2.01
[    2.282829] usb 1-1.1: New USB device strings: Mfr=1, Product=2, SerialNumber=3
[    2.282831] usb 1-1.1: Product: USB C Video Adaptor      
[    2.282832] usb 1-1.1: Manufacturer: USB C  
[    2.282833] usb 1-1.1: SerialNumber: 000000000001
[    2.323044] systemd[1]: Inserted module 'autofs4'
[    2.364686] usb 2-1.2: new SuperSpeed USB device number 3 using xhci_hcd
[    2.385526] usb 2-1.2: New USB device found, idVendor=0bda, idProduct=8153, bcdDevice=30.00
[    2.385530] usb 2-1.2: New USB device strings: Mfr=1, Product=2, SerialNumber=6
[    2.385532] usb 2-1.2: Product: USB 10/100/1000 LAN
[    2.385534] usb 2-1.2: Manufacturer: Realtek
[    2.385535] usb 2-1.2: SerialNumber: 000001
[    2.426400] systemd[1]: systemd 245.4-4ubuntu3.21 running in system mode. (+PAM +AUDIT +SELINUX +IMA +APPARMOR +SMACK +SYSVINIT +UTMP +LIBCRYPTSETUP +GCRYPT +GNUTLS +ACL +XZ +LZ4 +SECCOMP +BLKID +ELFUTILS +KMOD +IDN2 -IDN +PCRE2 default-hierarchy=hybrid)
[    2.444950] systemd[1]: Detected architecture x86-64.
[    2.489721] systemd[1]: Set hostname to <iliyash>.
[    2.512646] usb 1-6: new high-speed USB device number 5 using xhci_hcd
[    2.669302] usb 1-6: New USB device found, idVendor=04f2, idProduct=b59a, bcdDevice=34.12
[    2.669319] usb 1-6: New USB device strings: Mfr=1, Product=2, SerialNumber=0
[    2.669327] usb 1-6: Product: XiaoMi USB 2.0 Webcam
[    2.669333] usb 1-6: Manufacturer: Chicony
[    2.740933] usb 1-1.2: new high-speed USB device number 6 using xhci_hcd
[    2.844601] usb 1-1.2: New USB device found, idVendor=05e3, idProduct=0610, bcdDevice= 6.55
[    2.844618] usb 1-1.2: New USB device strings: Mfr=1, Product=2, SerialNumber=0
[    2.844626] usb 1-1.2: Product: USB2.1 Hub
[    2.844632] usb 1-1.2: Manufacturer: GenesysLogic
[    2.846760] hub 1-1.2:1.0: USB hub found
[    2.847237] hub 1-1.2:1.0: 4 ports detected
[    2.968899] usb 1-7: new high-speed USB device number 7 using xhci_hcd
[    3.117753] usb 1-7: New USB device found, idVendor=0bda, idProduct=0129, bcdDevice=39.60
[    3.117769] usb 1-7: New USB device strings: Mfr=1, Product=2, SerialNumber=3
[    3.117776] usb 1-7: Product: USB2.0-CRW
[    3.117782] usb 1-7: Manufacturer: Generic
[    3.117787] usb 1-7: SerialNumber: 20100201396000000
[    3.664609] systemd[1]: Created slice system-modprobe.slice.
[    3.664896] systemd[1]: Created slice system-postfix.slice.
[    3.665172] systemd[1]: Created slice system-postgresql.slice.
[    3.665462] systemd[1]: Created slice system-systemd\x2dfsck.slice.
[    3.665724] systemd[1]: Created slice User and Session Slice.
[    3.665781] systemd[1]: Started Forward Password Requests to Wall Directory Watch.
[    3.665942] systemd[1]: Set up automount Arbitrary Executable File Formats File System Automount Point.
[    3.665975] systemd[1]: Reached target User and Group Name Lookups.
[    3.665986] systemd[1]: Reached target Remote File Systems.
[    3.665994] systemd[1]: Reached target Slices.
[    3.666005] systemd[1]: Reached target Mounting snaps.
[    3.666097] systemd[1]: Listening on Syslog Socket.
[    3.666173] systemd[1]: Listening on fsck to fsckd communication Socket.
[    3.666216] systemd[1]: Listening on initctl Compatibility Named Pipe.
[    3.666367] systemd[1]: Listening on Journal Audit Socket.
[    3.666438] systemd[1]: Listening on Journal Socket (/dev/log).
[    3.666533] systemd[1]: Listening on Journal Socket.
[    3.666615] systemd[1]: Listening on udev Control Socket.
[    3.666669] systemd[1]: Listening on udev Kernel Socket.
[    3.667483] systemd[1]: Mounting Huge Pages File System...
[    3.668362] systemd[1]: Mounting POSIX Message Queue File System...
[    3.669305] systemd[1]: Mounting Kernel Debug File System...
[    3.670459] systemd[1]: Mounting Kernel Trace File System...
[    3.672047] systemd[1]: Starting Journal Service...
[    3.673236] systemd[1]: Starting Set the console keyboard layout...
[    3.674397] systemd[1]: Starting Create list of static device nodes for the current kernel...
[    3.675642] systemd[1]: Starting Load Kernel Module chromeos_pstore...
[    3.677454] systemd[1]: Starting Load Kernel Module drm...
[    3.679042] systemd[1]: Starting Load Kernel Module efi_pstore...
[    3.680709] systemd[1]: Starting Load Kernel Module pstore_blk...
[    3.682547] systemd[1]: Starting Load Kernel Module pstore_zone...
[    3.684404] systemd[1]: Starting Load Kernel Module ramoops...
[    3.685326] systemd[1]: Condition check resulted in Set Up Additional Binary Formats being skipped.
[    3.685400] systemd[1]: Condition check resulted in File System Check on Root Device being skipped.
[    3.688104] systemd[1]: Starting Load Kernel Modules...
[    3.690655] systemd[1]: Starting Remount Root and Kernel File Systems...
[    3.693892] systemd[1]: Starting udev Coldplug all Devices...
[    3.698495] systemd[1]: Starting Uncomplicated firewall...
[    3.701819] systemd[1]: Mounted Huge Pages File System.
[    3.702035] systemd[1]: Mounted POSIX Message Queue File System.
[    3.702200] systemd[1]: Mounted Kernel Debug File System.
[    3.702380] systemd[1]: Mounted Kernel Trace File System.
[    3.703365] systemd[1]: Finished Create list of static device nodes for the current kernel.
[    3.703840] systemd[1]: modprobe@drm.service: Succeeded.
[    3.704335] systemd[1]: Finished Load Kernel Module drm.
[    3.704839] systemd[1]: modprobe@pstore_blk.service: Succeeded.
[    3.705297] systemd[1]: Finished Load Kernel Module pstore_blk.
[    3.705710] systemd[1]: modprobe@pstore_zone.service: Succeeded.
[    3.706183] systemd[1]: Finished Load Kernel Module pstore_zone.
[    3.706489] systemd[1]: modprobe@ramoops.service: Succeeded.
[    3.706950] systemd[1]: Finished Load Kernel Module ramoops.
[    3.707838] systemd[1]: Finished Uncomplicated firewall.
[    3.717955] EXT4-fs (nvme0n1p1): re-mounted. Opts: errors=remount-ro. Quota mode: none.
[    3.722351] systemd[1]: Finished Remount Root and Kernel File Systems.
[    3.724274] systemd[1]: Activating swap /swapfile...
[    3.725000] systemd[1]: Condition check resulted in Rebuild Hardware Database being skipped.
[    3.727043] systemd[1]: Starting Load/Save Random Seed...
[    3.729280] Adding 2097148k swap on /swapfile.  Priority:-2 extents:6 across:2260988k SSFS
[    3.730208] systemd[1]: Starting Create System Users...
[    3.730349] systemd[1]: Activated swap /swapfile.
[    3.730589] systemd[1]: Reached target Swap.
[    3.741876] systemd[1]: modprobe@chromeos_pstore.service: Succeeded.
[    3.742625] systemd[1]: Finished Load Kernel Module chromeos_pstore.
[    3.750247] systemd[1]: Finished Create System Users.
[    3.752503] systemd[1]: Starting Create Static Device Nodes in /dev...
[    3.753932] lp: driver loaded but no devices found
[    3.755870] systemd[1]: Finished Load/Save Random Seed.
[    3.758657] ppdev: user-space parallel port driver
[    3.764314] pstore: Using crash dump compression: deflate
[    3.764329] pstore: Registered efi as persistent store backend
[    3.765193] systemd[1]: modprobe@efi_pstore.service: Succeeded.
[    3.765755] systemd[1]: Finished Load Kernel Module efi_pstore.
[    3.765925] systemd[1]: Condition check resulted in Platform Persistent Storage Archival being skipped.
[    3.768455] systemd[1]: Finished Load Kernel Modules.
[    3.769894] systemd[1]: Mounting FUSE Control File System...
[    3.771128] systemd[1]: Mounting Kernel Configuration File System...
[    3.772971] systemd[1]: Starting Apply Kernel Variables...
[    3.774864] systemd[1]: Mounted FUSE Control File System.
[    3.775006] systemd[1]: Mounted Kernel Configuration File System.
[    3.776667] systemd[1]: Finished Create Static Device Nodes in /dev.
[    3.778138] systemd[1]: Starting udev Kernel Device Manager...
[    3.792436] systemd[1]: Finished Apply Kernel Variables.
[    3.804600] systemd[1]: Finished Set the console keyboard layout.
[    3.804765] systemd[1]: Reached target Local File Systems (Pre).
[    3.807086] systemd[1]: Mounting Mount unit for bare, revision 5...
[    3.808686] systemd[1]: Mounting Mount unit for core18, revision 2823...
[    3.810282] loop0: detected capacity change from 0 to 8
[    3.810410] systemd[1]: Mounting Mount unit for core18, revision 2829...
[    3.812120] systemd[1]: Mounting Mount unit for core20, revision 2264...
[    3.813909] systemd[1]: Mounting Mount unit for core20, revision 2318...
[    3.815954] systemd[1]: Mounting Mount unit for core22, revision 1122...
[    3.817790] systemd[1]: Mounting Mount unit for core22, revision 1380...
[    3.819539] systemd[1]: Mounting Mount unit for core24, revision 423...
[    3.821973] systemd[1]: Mounting Mount unit for gnome-3-34-1804, revision 90...
[    3.823611] systemd[1]: Mounting Mount unit for gnome-3-34-1804, revision 93...
[    3.825808] systemd[1]: Mounting Mount unit for gnome-3-38-2004, revision 140...
[    3.827528] systemd[1]: Mounting Mount unit for gnome-3-38-2004, revision 143...
[    3.829717] systemd[1]: Mounting Mount unit for gnome-42-2204, revision 141...
[    3.831729] systemd[1]: Mounting Mount unit for gnome-42-2204, revision 176...
[    3.833495] systemd[1]: Mounting Mount unit for gtk-common-themes, revision 1519...
[    3.835184] systemd[1]: Mounting Mount unit for gtk-common-themes, revision 1535...
[    3.836736] loop1: detected capacity change from 0 to 113992
[    3.836847] loop2: detected capacity change from 0 to 130960
[    3.836963] loop3: detected capacity change from 0 to 152040
[    3.837044] systemd[1]: Mounting Mount unit for pycharm-community, revision 364...
[    3.839037] systemd[1]: Mounting Mount unit for pycharm-community, revision 374...
[    3.840524] systemd[1]: Mounting Mount unit for snap-store, revision 1113...
[    3.842316] systemd[1]: Mounting Mount unit for snap-store, revision 959...
[    3.844487] systemd[1]: Mounting Mount unit for snapd, revision 21465...
[    3.846209] systemd[1]: Mounting Mount unit for snapd, revision 21759...
[    3.847971] systemd[1]: Mounting Mount unit for sublime-text, revision 137...
[    3.849668] systemd[1]: Mounting Mount unit for sublime-text, revision 156...
[    3.851765] systemd[1]: Mounting Mount unit for telegram-desktop, revision 5820...
[    3.853501] systemd[1]: Mounting Mount unit for telegram-desktop, revision 5970...
[    3.855727] systemd[1]: Started Journal Service.
[    3.856731] loop4: detected capacity change from 0 to 151992
[    3.856865] loop5: detected capacity change from 0 to 716168
[    3.856953] loop6: detected capacity change from 0 to 1017816
[    3.857061] loop7: detected capacity change from 0 to 1034424
[    3.865942] loop8: detected capacity change from 0 to 113992
[    3.866427] loop9: detected capacity change from 0 to 130960
[    3.870809] systemd-journald[316]: Received client request to flush runtime journal.
[    3.877089] loop10: detected capacity change from 0 to 716176
[    3.877500] loop11: detected capacity change from 0 to 133552
[    3.877848] systemd-journald[316]: File /var/log/journal/a53e49a1081142c59fbf76611f6f1cac/system.journal corrupted or uncleanly shut down, renaming and replacing.
[    3.885437] loop12: detected capacity change from 0 to 447264
[    3.886493] loop13: detected capacity change from 0 to 135520
[    3.935729] loop14: detected capacity change from 0 to 26472
[    3.944310] loop17: detected capacity change from 0 to 131056
[    3.946631] loop16: detected capacity change from 0 to 25240
[    3.949607] loop18: detected capacity change from 0 to 912736
[    3.950572] loop19: detected capacity change from 0 to 1317608
[    3.950775] loop22: detected capacity change from 0 to 1318120
[    3.950848] loop20: detected capacity change from 0 to 187776
[    3.951092] loop21: detected capacity change from 0 to 859696
[    3.951316] loop23: detected capacity change from 0 to 131056
[    3.952602] loop15: detected capacity change from 0 to 447264
[    3.960572] usb 1-8: new full-speed USB device number 9 using xhci_hcd
[    3.980432] loop24: detected capacity change from 0 to 79520
[    4.035887] loop25: detected capacity change from 0 to 79328
[    4.110746] usb 1-8: New USB device found, idVendor=04f3, idProduct=0c1a, bcdDevice= 1.42
[    4.110755] usb 1-8: New USB device strings: Mfr=1, Product=2, SerialNumber=0
[    4.110758] usb 1-8: Product: ELAN:Fingerprint
[    4.110761] usb 1-8: Manufacturer: ELAN
[    4.340574] usb 1-9: new full-speed USB device number 10 using xhci_hcd
[    4.399450] acpi INT33D5:00: intel-hid: created platform device
[    4.441421] input: Intel HID events as /devices/pci0000:00/0000:00:1f.0/INT33D5:00/input/input9
[    4.484928] mei_me 0000:00:16.0: enabling device (0000 -> 0002)
[    4.491939] usb 1-9: New USB device found, idVendor=046d, idProduct=c53f, bcdDevice=44.01
[    4.491946] usb 1-9: New USB device strings: Mfr=1, Product=2, SerialNumber=0
[    4.491949] usb 1-9: Product: USB Receiver
[    4.491952] usb 1-9: Manufacturer: Logitech
[    4.511636] Console: switching to colour dummy device 80x25
[    4.511696] i915 0000:00:02.0: vgaarb: deactivate vga console
[    4.521456] i915 0000:00:02.0: vgaarb: changed VGA decodes: olddecodes=io+mem,decodes=io+mem:owns=io+mem
[    4.523172] i915 0000:00:02.0: [drm] Finished loading DMC firmware i915/kbl_dmc_ver1_04.bin (v1.4)
[    4.546304] cfg80211: Loading compiled-in X.509 certificates for regulatory database
[    4.546641] cfg80211: Loaded X.509 cert 'wens: 61c038651aabdcf94bd0ac7ff06c7248db18c600'
[    4.546893] cfg80211: Loaded X.509 cert 'sforshee: 00b28ddf47aef9cea7'
[    4.565325] Intel(R) Wireless WiFi driver for Linux
[    4.568910] input: Xiaomi WMI keys as /devices/pci0000:00/PNP0C14:00/wmi_bus/wmi_bus-PNP0C14:00/409B028D-F06B-4C7C-8BBB-EE133A6BD87E/input/input10
[    4.577078] i915 0000:00:02.0: [drm] [ENCODER:102:DDI B/PHY B] is disabled/in DSI mode with an ungated DDI clock, gate it
[    4.577086] i915 0000:00:02.0: [drm] [ENCODER:111:DDI C/PHY C] is disabled/in DSI mode with an ungated DDI clock, gate it
[    4.588762] iwlwifi 0000:03:00.0: Found debug destination: EXTERNAL_DRAM
[    4.588767] iwlwifi 0000:03:00.0: Found debug configuration: 0
[    4.589281] iwlwifi 0000:03:00.0: loaded firmware version 36.77d01142.0 8265-36.ucode op_mode iwlmvm
[    4.612146] ACPI Warning: \_SB.PCI0.RP01.PXSX._DSM: Argument #4 type mismatch - Found [Buffer], ACPI requires [Package] (20210730/nsarguments-61)
[    4.613752] pci 0000:01:00.0: optimus capabilities: enabled, status dynamic power, 
[    4.613758] VGA switcheroo: detected Optimus DSM method \_SB_.PCI0.RP01.PXSX handle
[    4.613759] nouveau: detected PR support, will not use DSM
[    4.617132] nouveau 0000:01:00.0: enabling device (0406 -> 0407)
[    4.617450] nouveau 0000:01:00.0: NVIDIA GP108 (138000a1)
[    4.675781] iwlwifi 0000:03:00.0: Detected Intel(R) Dual Band Wireless AC 8265, REV=0x230
[    4.697653] thermal thermal_zone2: failed to read out thermal zone (-61)
[    4.699054] iwlwifi 0000:03:00.0: Applying debug destination EXTERNAL_DRAM
[    4.699500] iwlwifi 0000:03:00.0: Allocated 0x00400000 bytes for firmware monitor.
[    4.700529] input: Xiaomi WMI keys as /devices/pci0000:00/PNP0C14:00/wmi_bus/wmi_bus-PNP0C14:00/76E9027C-95D0-4180-8692-DA6747DD1C2D/input/input11
[    4.712614] usbcore: registered new device driver r8152-cfgselector
[    4.719524] [drm] Initialized i915 1.6.0 20201103 for 0000:00:02.0 on minor 0
[    4.726556] nouveau 0000:01:00.0: bios: version 86.08.0e.00.7d
[    4.736812] Bluetooth: Core ver 2.22
[    4.737087] NET: Registered PF_BLUETOOTH protocol family
[    4.737090] Bluetooth: HCI device and connection manager initialized
[    4.737095] Bluetooth: HCI socket layer initialized
[    4.737098] Bluetooth: L2CAP socket layer initialized
[    4.737105] Bluetooth: SCO socket layer initialized
[    4.742760] input: ETD2303:00 04F3:3083 Mouse as /devices/pci0000:00/0000:00:15.0/i2c_designware.0/i2c-1/i2c-ETD2303:00/0018:04F3:3083.0001/input/input12
[    4.745299] input: ETD2303:00 04F3:3083 Touchpad as /devices/pci0000:00/0000:00:15.0/i2c_designware.0/i2c-1/i2c-ETD2303:00/0018:04F3:3083.0001/input/input14
[    4.747383] hid-multitouch 0018:04F3:3083.0001: input,hidraw0: I2C HID v1.00 Mouse [ETD2303:00 04F3:3083] on i2c-ETD2303:00
[    4.749615] ACPI: video: Video Device [GFX0] (multi-head: yes  rom: no  post: no)
[    4.754504] iwlwifi 0000:03:00.0: base HW address: c0:b6:f9:8a:88:65
[    4.757203] input: Video Bus as /devices/LNXSYSTM:00/LNXSYBUS:00/PNP0A08:00/LNXVIDEO:00/input/input15
[    4.758786] ACPI: video: [Firmware Bug]: ACPI(PXSX) defines _DOD but not _DOS
[    4.758807] ACPI: video: Video Device [PXSX] (multi-head: yes  rom: yes  post: no)
[    4.759606] nouveau 0000:01:00.0: pmu: firmware unavailable
[    4.785062] usbcore: registered new interface driver btusb
[    4.785191] input: Video Bus as /devices/LNXSYSTM:00/LNXSYBUS:00/PNP0A08:00/device:34/LNXVIDEO:01/input/input16
[    4.785867] Bluetooth: hci0: Bootloader revision 0.0 build 26 week 38 2015
[    4.786879] Bluetooth: hci0: Device revision is 16
[    4.786883] Bluetooth: hci0: Secure boot is enabled
[    4.786885] Bluetooth: hci0: OTP lock is enabled
[    4.786887] Bluetooth: hci0: API lock is enabled
[    4.786888] Bluetooth: hci0: Debug lock is disabled
[    4.786890] Bluetooth: hci0: Minimum firmware build 1 week 10 2014
[    4.788102] Bluetooth: hci0: Found device firmware: intel/ibt-12-16.sfi
[    4.841656] nouveau 0000:01:00.0: fb: 2048 MiB GDDR5
[    4.864941] r8152-cfgselector 2-1.2: reset SuperSpeed USB device number 3 using xhci_hcd
[    4.865818] ieee80211 phy0: Selected rate control algorithm 'iwl-mvm-rs'
[    4.884668] vga_switcheroo: enabled
[    4.884683] nouveau 0000:01:00.0: DRM: VRAM: 2048 MiB
[    4.884687] nouveau 0000:01:00.0: DRM: GART: 536870912 MiB
[    4.884691] nouveau 0000:01:00.0: DRM: BIT table 'A' not found
[    4.884694] nouveau 0000:01:00.0: DRM: BIT table 'L' not found
[    4.884696] nouveau 0000:01:00.0: DRM: Pointer to TMDS table not found
[    4.884699] nouveau 0000:01:00.0: DRM: DCB version 4.1
[    4.886239] nouveau 0000:01:00.0: DRM: MM: using COPY for buffer copies
[    4.890030] [drm] Initialized nouveau 1.3.1 20120801 for 0000:01:00.0 on minor 1
[    4.899457] mc: Linux media interface: v0.10
[    4.915128] r8152 2-1.2:1.0: load rtl8153a-4 v2 02/07/20 successfully
[    4.934104] fbcon: i915drmfb (fb0) is primary device
[    4.934023] snd_hda_intel 0000:00:1f.3: bound 0000:00:02.0 (ops i915_audio_component_bind_ops [i915])
[    4.934248] Console: switching to colour frame buffer device 240x67
[    4.935628] usbcore: registered new interface driver rtsx_usb
[    4.943243] i915 0000:00:02.0: [drm] fb0: i915drmfb frame buffer device
[    4.943830] r8152 2-1.2:1.0 eth0: v1.12.13
[    4.943862] usbcore: registered new interface driver r8152
[    4.995262] RAPL PMU: API unit is 2^-32 Joules, 5 fixed counters, 655360 ms ovfl timer
[    4.995265] RAPL PMU: hw unit of domain pp0-core 2^-14 Joules
[    4.995267] RAPL PMU: hw unit of domain package 2^-14 Joules
[    4.995269] RAPL PMU: hw unit of domain dram 2^-14 Joules
[    4.995270] RAPL PMU: hw unit of domain pp1-gpu 2^-14 Joules
[    4.995272] RAPL PMU: hw unit of domain psys 2^-14 Joules
[    5.002124] videodev: Linux video capture interface: v2.00
[    5.015149] snd_hda_codec_realtek hdaudioC0D0: autoconfig for ALC298: line_outs=1 (0x17/0x0/0x0/0x0/0x0) type:speaker
[    5.015156] snd_hda_codec_realtek hdaudioC0D0:    speaker_outs=0 (0x0/0x0/0x0/0x0/0x0)
[    5.015159] snd_hda_codec_realtek hdaudioC0D0:    hp_outs=1 (0x21/0x0/0x0/0x0/0x0)
[    5.015161] snd_hda_codec_realtek hdaudioC0D0:    mono: mono_out=0x0
[    5.015163] snd_hda_codec_realtek hdaudioC0D0:    inputs:
[    5.015165] snd_hda_codec_realtek hdaudioC0D0:      Headset Mic=0x18
[    5.015167] snd_hda_codec_realtek hdaudioC0D0:      Headphone Mic=0x1a
[    5.015170] snd_hda_codec_realtek hdaudioC0D0:      Internal Mic=0x12
[    5.023511] cryptd: max_cpu_qlen set to 1000
[    5.029962] usbcore: registered new interface driver cdc_ether
[    5.062656] usbcore: registered new interface driver r8153_ecm
[    5.092699] AVX2 version of gcm_enc/dec engaged.
[    5.092868] AES CTR mode by8 optimization enabled
[    5.124295] usb 1-6: Found UVC 1.00 device XiaoMi USB 2.0 Webcam (04f2:b59a)
[    5.166846] snd_hda_codec_hdmi hdaudioC0D2: Monitor plugged-in, Failed to power up codec ret=[-13]
[    5.264761] input: XiaoMi USB 2.0 Webcam: XiaoMi U as /devices/pci0000:00/0000:00:14.0/usb1/1-6/1-6:1.0/input/input23
[    5.270349] usbcore: registered new interface driver uvcvideo
[    5.280894] input: HDA Intel PCH Headphone Mic as /devices/pci0000:00/0000:00:1f.3/sound/card0/input17
[    5.311512] input: HDA Intel PCH HDMI/DP,pcm=3 as /devices/pci0000:00/0000:00:1f.3/sound/card0/input18
[    5.330754] input: HDA Intel PCH HDMI/DP,pcm=7 as /devices/pci0000:00/0000:00:1f.3/sound/card0/input19
[    5.341961] input: HDA Intel PCH HDMI/DP,pcm=8 as /devices/pci0000:00/0000:00:1f.3/sound/card0/input20
[    5.383062] input: HDA Intel PCH HDMI/DP,pcm=9 as /devices/pci0000:00/0000:00:1f.3/sound/card0/input21
[    5.437996] input: HDA Intel PCH HDMI/DP,pcm=10 as /devices/pci0000:00/0000:00:1f.3/sound/card0/input22
[    5.464002] intel_tcc_cooling: Programmable TCC Offset detected
[    5.594712] mei_hdcp 0000:00:16.0-b638ab7e-94e2-4ea2-a552-d1c54b627f04: bound 0000:00:02.0 (ops i915_hdcp_component_ops [i915])
[    5.627634] input: Logitech USB Receiver as /devices/pci0000:00/0000:00:14.0/usb1/1-9/1-9:1.0/0003:046D:C53F.0002/input/input24
[    5.716322] hid-generic 0003:046D:C53F.0002: input,hidraw1: USB HID v1.11 Keyboard [Logitech USB Receiver] on usb-0000:00:14.0-9/input0
[    5.721846] iwlwifi 0000:03:00.0 wlp3s0: renamed from wlan0
[    5.759932] input: Logitech USB Receiver Mouse as /devices/pci0000:00/0000:00:14.0/usb1/1-9/1-9:1.1/0003:046D:C53F.0003/input/input25
[    5.805625] input: Logitech USB Receiver Consumer Control as /devices/pci0000:00/0000:00:14.0/usb1/1-9/1-9:1.1/0003:046D:C53F.0003/input/input26
[    5.883871] intel_rapl_common: Found RAPL domain package
[    5.883876] intel_rapl_common: Found RAPL domain core
[    5.883879] intel_rapl_common: Found RAPL domain uncore
[    5.883881] intel_rapl_common: Found RAPL domain dram
[    5.883883] intel_rapl_common: Found RAPL domain psys
[    5.888673] input: Logitech USB Receiver System Control as /devices/pci0000:00/0000:00:14.0/usb1/1-9/1-9:1.1/0003:046D:C53F.0003/input/input27
[    5.913138] hid-generic 0003:046D:C53F.0003: input,hiddev0,hidraw2: USB HID v1.11 Mouse [Logitech USB Receiver] on usb-0000:00:14.0-9/input1
[    5.925981] hid-generic 0003:046D:C53F.0004: hiddev1,hidraw3: USB HID v1.11 Device [Logitech USB Receiver] on usb-0000:00:14.0-9/input2
[    5.926036] usbcore: registered new interface driver usbhid
[    5.926038] usbhid: USB HID core driver
[    5.961684] r8152 2-1.2:1.0 enx34298f70051b: renamed from eth0
[    6.064942] logitech-djreceiver 0003:046D:C53F.0002: hidraw1: USB HID v1.11 Keyboard [Logitech USB Receiver] on usb-0000:00:14.0-9/input0
[    6.233052] logitech-djreceiver 0003:046D:C53F.0003: hiddev0,hidraw2: USB HID v1.11 Mouse [Logitech USB Receiver] on usb-0000:00:14.0-9/input1
[    6.275988] Bluetooth: hci0: Waiting for firmware download to complete
[    6.276854] Bluetooth: hci0: Firmware loaded in 1453856 usecs
[    6.276879] Bluetooth: hci0: Waiting for device to boot
[    6.288861] Bluetooth: hci0: Device booted in 11713 usecs
[    6.295381] Bluetooth: hci0: Found Intel DDC parameters: intel/ibt-12-16.ddc
[    6.296894] logitech-djreceiver 0003:046D:C53F.0004: hiddev1,hidraw3: USB HID v1.11 Device [Logitech USB Receiver] on usb-0000:00:14.0-9/input2
[    6.297894] Bluetooth: hci0: Applying Intel DDC parameters completed
[    6.298886] Bluetooth: hci0: Reading supported features failed (-16)
[    6.299898] Bluetooth: hci0: Firmware revision 0.1 build 50 week 12 2019
[    6.357819] logitech-djreceiver 0003:046D:C53F.0004: device of type eQUAD Lightspeed 1.1 (0x0d) connected on slot 1
[    6.358175] input: Logitech Wireless Mouse PID:4074 Keyboard as /devices/pci0000:00/0000:00:14.0/usb1/1-9/1-9:1.2/0003:046D:C53F.0004/0003:046D:4074.0005/input/input29
[    6.359201] input: Logitech Wireless Mouse PID:4074 Mouse as /devices/pci0000:00/0000:00:14.0/usb1/1-9/1-9:1.2/0003:046D:C53F.0004/0003:046D:4074.0005/input/input30
[    6.359407] hid-generic 0003:046D:4074.0005: input,hidraw4: USB HID v1.11 Keyboard [Logitech Wireless Mouse PID:4074] on usb-0000:00:14.0-9/input2:1
[    6.593923] input: Logitech G305 as /devices/pci0000:00/0000:00:14.0/usb1/1-9/1-9:1.2/0003:046D:C53F.0004/0003:046D:4074.0005/input/input34
[    6.594285] logitech-hidpp-device 0003:046D:4074.0005: input,hidraw4: USB HID v1.11 Keyboard [Logitech G305] on usb-0000:00:14.0-9/input2:1
[    6.882575] audit: type=1400 audit(1720348693.728:2): apparmor="STATUS" operation="profile_load" profile="unconfined" name="libreoffice-xpdfimport" pid=898 comm="apparmor_parser"
[    6.882620] audit: type=1400 audit(1720348693.728:3): apparmor="STATUS" operation="profile_load" profile="unconfined" name="lsb_release" pid=891 comm="apparmor_parser"
[    6.882727] audit: type=1400 audit(1720348693.728:4): apparmor="STATUS" operation="profile_load" profile="unconfined" name="libreoffice-senddoc" pid=897 comm="apparmor_parser"
[    6.884370] audit: type=1400 audit(1720348693.728:5): apparmor="STATUS" operation="profile_load" profile="unconfined" name="/usr/bin/man" pid=896 comm="apparmor_parser"
[    6.884376] audit: type=1400 audit(1720348693.728:6): apparmor="STATUS" operation="profile_load" profile="unconfined" name="man_filter" pid=896 comm="apparmor_parser"
[    6.884380] audit: type=1400 audit(1720348693.728:7): apparmor="STATUS" operation="profile_load" profile="unconfined" name="man_groff" pid=896 comm="apparmor_parser"
[    6.885141] audit: type=1400 audit(1720348693.732:8): apparmor="STATUS" operation="profile_load" profile="unconfined" name="/usr/sbin/cups-browsed" pid=893 comm="apparmor_parser"
[    6.887076] audit: type=1400 audit(1720348693.732:9): apparmor="STATUS" operation="profile_load" profile="unconfined" name="ippusbxd" pid=901 comm="apparmor_parser"
[    6.889085] audit: type=1400 audit(1720348693.736:10): apparmor="STATUS" operation="profile_load" profile="unconfined" name="nvidia_modprobe" pid=899 comm="apparmor_parser"
[    6.889095] audit: type=1400 audit(1720348693.736:11): apparmor="STATUS" operation="profile_load" profile="unconfined" name="nvidia_modprobe//kmod" pid=899 comm="apparmor_parser"
[    7.228333] Bluetooth: BNEP (Ethernet Emulation) ver 1.3
[    7.228338] Bluetooth: BNEP filters: protocol multicast
[    7.228343] Bluetooth: BNEP socket layer initialized
[    7.243211] NET: Registered PF_ALG protocol family
[    7.572311] aufs 5.15.5-20211129
[    7.631019] iwlwifi 0000:03:00.0: Applying debug destination EXTERNAL_DRAM
[    7.764046] iwlwifi 0000:03:00.0: Applying debug destination EXTERNAL_DRAM
[    7.831269] iwlwifi 0000:03:00.0: FW already configured (0) - re-configuring
[    7.911223] vboxdrv: loading out-of-tree module taints kernel.
[    7.911638] vboxdrv: module verification failed: signature and/or required key missing - tainting kernel
[    7.922658] vboxdrv: Found 8 processor cores
[    7.940905] vboxdrv: TSC mode is Invariant, tentative frequency 1992000420 Hz
[    7.940913] vboxdrv: Successfully loaded version 6.1.38 r153438 (interface 0x00320000)
[    8.151540] VBoxNetFlt: Successfully started.
[    8.155813] VBoxNetAdp: Successfully started.
[    8.486945] loop26: detected capacity change from 0 to 8
[   11.405172] wlp3s0: authenticate with c8:5a:9f:c9:d0:ac

